=========== PRETRAIN: CISLR with resolution jitter ===========
  pretrain set: 6096 of 7050 cached clips (genuine hand detection >= 25%, median kept 43.8%)
Loaded DeiT-Tiny into spatial encoder: 8 groups, 0 skipped
[cislr_mim_rj] 6096 clips, 95 steps/epoch, device=cuda
  epoch   1/100  loss 1.2310  scored 47.6%  40.0s
  epoch   5/100  loss 0.6203  scored 47.5%  24.6s
  epoch  10/100  loss 0.5215  scored 47.6%  24.1s
  epoch  15/100  loss 0.4557  scored 47.6%  29.2s
  epoch  20/100  loss 0.4201  scored 47.7%  28.8s
  epoch  25/100  loss 0.3978  scored 47.6%  29.1s
  epoch  30/100  loss 0.3804  scored 47.6%  28.9s
  epoch  35/100  loss 0.3718  scored 47.6%  28.5s
  epoch  40/100  loss 0.3581  scored 47.5%  24.6s
  epoch  45/100  loss 0.3531  scored 47.5%  24.4s
  epoch  50/100  loss 0.3457  scored 47.6%  24.2s
  epoch  55/100  loss 0.3412  scored 47.7%  24.1s
  epoch  60/100  loss 0.3341  scored 47.6%  24.3s
  epoch  65/100  loss 0.3288  scored 47.6%  28.0s
  epoch  70/100  loss 0.3232  scored 47.6%  26.4s
  epoch  75/100  loss 0.3222  scored 47.6%  25.5s
  epoch  80/100  loss 0.3213  scored 47.5%  25.5s
  epoch  85/100  loss 0.3168  scored 47.5%  25.1s
  epoch  90/100  loss 0.3174  scored 47.5%  25.7s
  epoch  95/100  loss 0.3200  scored 47.6%  24.9s
  epoch 100/100  loss 0.3163  scored 47.6%  25.0s
[cislr_mim_rj] done. backbone -> runs\cislr_mim_rj\pretrained.pt

=========== finetune: rj-pretrain + rj-finetune, seed 0 ===========
[sd263_ssl_rj2_s0] classes=262 train=2845 val=0 test=1010
  init from runs/cislr_mim_rj/pretrained.pt (epoch 100): 112 tensors, 2 missing, 0 unexpected
  params total=3.80M spatial=1.93M temporal=1.87M
  ep   0  loss 5.575  val 0.0% (top5 0.0%, bal 0.0%)  ema 0.0%  27s
  ep  10  loss 4.425  val 0.0% (top5 0.0%, bal 0.0%)  ema 0.0%  12s
  ep  20  loss 3.199  val 0.0% (top5 0.0%, bal 0.0%)  ema 0.0%  13s
  ep  30  loss 2.405  val 0.0% (top5 0.0%, bal 0.0%)  ema 0.0%  13s
  ep  40  loss 1.869  val 0.0% (top5 0.0%, bal 0.0%)  ema 0.0%  12s
  ep  50  loss 1.619  val 0.0% (top5 0.0%, bal 0.0%)  ema 0.0%  12s
  ep  60  loss 1.456  val 0.0% (top5 0.0%, bal 0.0%)  ema 0.0%  12s
  ep  70  loss 1.373  val 0.0% (top5 0.0%, bal 0.0%)  ema 0.0%  12s
  ep  80  loss 1.434  val 0.0% (top5 0.0%, bal 0.0%)  ema 0.0%  13s
  ep  90  loss 1.473  val 0.0% (top5 0.0%, bal 0.0%)  ema 0.0%  12s
  ep 100  loss 1.143  val 0.0% (top5 0.0%, bal 0.0%)  ema 0.0%  12s
  ep 110  loss 1.111  val 0.0% (top5 0.0%, bal 0.0%)  ema 0.0%  12s
  ep 120  loss 1.054  val 0.0% (top5 0.0%, bal 0.0%)  ema 0.0%  12s
  ep 130  loss 1.120  val 0.0% (top5 0.0%, bal 0.0%)  ema 0.0%  12s
  ep 140  loss 1.040  val 0.0% (top5 0.0%, bal 0.0%)  ema 0.0%  10s
  ep 150  loss 1.192  val 0.0% (top5 0.0%, bal 0.0%)  ema 0.0%  10s
  ep 160  loss 1.097  val 0.0% (top5 0.0%, bal 0.0%)  ema 0.0%  11s
  ep 170  loss 1.042  val 0.0% (top5 0.0%, bal 0.0%)  ema 0.0%  10s
  ep 180  loss 0.854  val 0.0% (top5 0.0%, bal 0.0%)  ema 0.0%  10s
  ep 190  loss 0.918  val 0.0% (top5 0.0%, bal 0.0%)  ema 0.0%  10s
  ep 200  loss 1.206  val 0.0% (top5 0.0%, bal 0.0%)  ema 0.0%  10s
  ep 210  loss 1.043  val 0.0% (top5 0.0%, bal 0.0%)  ema 0.0%  10s
  ep 220  loss 1.035  val 0.0% (top5 0.0%, bal 0.0%)  ema 0.0%  10s
  ep 230  loss 0.846  val 0.0% (top5 0.0%, bal 0.0%)  ema 0.0%  10s
  ep 240  loss 0.910  val 0.0% (top5 0.0%, bal 0.0%)  ema 0.0%  10s
  ep 249  loss 0.881  val 0.0% (top5 0.0%, bal 0.0%)  ema 0.0%  10s

[sd263_ssl_rj2_s0] best epoch 249
  val  top1 0.0%  top5 0.0%  balanced 0.0%
  TEST top1 43.2%  top5 71.7%  balanced 44.9%  (n=1010)
[sd263_ssl_rj2_s0] 6 views on splits/full263__session-disjoint-foldval.csv
  plain  top1 43.3%  top5 71.7%  balanced 44.9%
  TTA    top1 45.3%  top5 74.9%  balanced 47.5%
  delta  top1 +2.1  top5 +3.2  balanced +2.5  (pts)
  wrote test_tta to runs\sd263_ssl_rj2_s0\summary.json

=========== finetune: rj-pretrain + rj-finetune, seed 1 ===========
[sd263_ssl_rj2_s1] classes=262 train=2845 val=0 test=1010
  init from runs/cislr_mim_rj/pretrained.pt (epoch 100): 112 tensors, 2 missing, 0 unexpected
  params total=3.80M spatial=1.93M temporal=1.87M
  ep   0  loss 5.574  val 0.0% (top5 0.0%, bal 0.0%)  ema 0.0%  21s
  ep  10  loss 4.317  val 0.0% (top5 0.0%, bal 0.0%)  ema 0.0%  10s
  ep  20  loss 3.243  val 0.0% (top5 0.0%, bal 0.0%)  ema 0.0%  10s
  ep  30  loss 2.465  val 0.0% (top5 0.0%, bal 0.0%)  ema 0.0%  10s
  ep  40  loss 1.892  val 0.0% (top5 0.0%, bal 0.0%)  ema 0.0%  10s
  ep  50  loss 1.649  val 0.0% (top5 0.0%, bal 0.0%)  ema 0.0%  10s
  ep  60  loss 1.834  val 0.0% (top5 0.0%, bal 0.0%)  ema 0.0%  10s
  ep  70  loss 1.351  val 0.0% (top5 0.0%, bal 0.0%)  ema 0.0%  10s
  ep  80  loss 1.359  val 0.0% (top5 0.0%, bal 0.0%)  ema 0.0%  10s
  ep  90  loss 1.376  val 0.0% (top5 0.0%, bal 0.0%)  ema 0.0%  10s
  ep 100  loss 1.322  val 0.0% (top5 0.0%, bal 0.0%)  ema 0.0%  10s
  ep 110  loss 1.223  val 0.0% (top5 0.0%, bal 0.0%)  ema 0.0%  10s
  ep 120  loss 1.161  val 0.0% (top5 0.0%, bal 0.0%)  ema 0.0%  13s
  ep 130  loss 1.228  val 0.0% (top5 0.0%, bal 0.0%)  ema 0.0%  14s
  ep 140  loss 1.046  val 0.0% (top5 0.0%, bal 0.0%)  ema 0.0%  12s
  ep 150  loss 1.140  val 0.0% (top5 0.0%, bal 0.0%)  ema 0.0%  13s
  ep 160  loss 1.011  val 0.0% (top5 0.0%, bal 0.0%)  ema 0.0%  15s
  ep 170  loss 1.112  val 0.0% (top5 0.0%, bal 0.0%)  ema 0.0%  14s
  ep 180  loss 0.810  val 0.0% (top5 0.0%, bal 0.0%)  ema 0.0%  20s
  ep 190  loss 1.032  val 0.0% (top5 0.0%, bal 0.0%)  ema 0.0%  17s
  ep 200  loss 1.006  val 0.0% (top5 0.0%, bal 0.0%)  ema 0.0%  15s
  ep 210  loss 1.216  val 0.0% (top5 0.0%, bal 0.0%)  ema 0.0%  18s
  ep 220  loss 0.929  val 0.0% (top5 0.0%, bal 0.0%)  ema 0.0%  12s
  ep 230  loss 0.839  val 0.0% (top5 0.0%, bal 0.0%)  ema 0.0%  13s
  ep 240  loss 1.040  val 0.0% (top5 0.0%, bal 0.0%)  ema 0.0%  14s
  ep 249  loss 0.984  val 0.0% (top5 0.0%, bal 0.0%)  ema 0.0%  17s

[sd263_ssl_rj2_s1] best epoch 249
  val  top1 0.0%  top5 0.0%  balanced 0.0%
  TEST top1 36.8%  top5 66.0%  balanced 39.2%  (n=1010)
[sd263_ssl_rj2_s1] 6 views on splits/full263__session-disjoint-foldval.csv
  plain  top1 36.9%  top5 66.2%  balanced 39.3%
  TTA    top1 40.9%  top5 69.3%  balanced 43.0%
  delta  top1 +4.0  top5 +3.1  balanced +3.7  (pts)
  wrote test_tta to runs\sd263_ssl_rj2_s1\summary.json

=========== SUMMARY ===========
run                            split             extra   cache     pre   test top1    top5  balanced     n
----------------------------------------------------------------------------------------------------------
full263__random-video          random-video              cache     yes      95.4%  98.5%    95.5%   872
full263_v2__random-video       random-video              cache128  yes      94.5%  99.1%    94.7%   872
full263__take-group            take-group                cache     yes      24.6%  61.3%    26.7%   878
full263_v2__take-group         take-group                cache128  yes      29.3%  64.1%    32.0%   878
tg263_ssl_foldval              take-group        -foldval cache128  ssl      44.1%  79.3%    46.3%   878
sd263_cislr                    session-disjoint  +cislr  cache128  yes      23.2%  52.2%    25.2%  1010
sd263_f16                      session-disjoint          cache128  yes      22.7%  53.7%    25.4%  1010
sd263_f4                       session-disjoint          cache128  yes      12.7%  36.8%    14.2%  1010
sd263_foldval                  session-disjoint  -foldval cache128  yes      33.0%  62.7%    33.5%  1010
sd263_lastsel                  session-disjoint          cache128  yes      25.4%  51.1%    29.3%  1010
sd263_rj_s0                    session-disjoint  -foldval cache128  yes      31.0%  61.6%    33.3%  1010
sd263_rj_s1                    session-disjoint  -foldval cache128  yes      29.9%  58.9%    32.5%  1010
sd263_ssl                      session-disjoint          cache128  ssl      29.7%  57.4%    32.2%  1010
sd263_ssl_cislr                session-disjoint  +cislr  cache128  ssl      31.1%  60.3%    31.6%  1010
sd263_ssl_foldval              session-disjoint  -foldval cache128  ssl      34.8%  65.9%    36.9%  1010
sd263_ssl_foldval_s1           session-disjoint  -foldval cache128  ssl      33.2%  64.5%    36.9%  1010
sd263_ssl_foldval_s2           session-disjoint  -foldval cache128  ssl      38.0%  68.2%    40.2%  1010
sd263_ssl_foldval_s3           session-disjoint  -foldval cache128  ssl      33.9%  65.7%    39.5%  1010
sd263_ssl_foldval_s4           session-disjoint  -foldval cache128  ssl      35.0%  65.0%    38.8%  1010
sd263_ssl_rj2_s0               session-disjoint  -foldval cache128  ssl      43.2%  71.7%    44.9%  1010
sd263_ssl_rj2_s1               session-disjoint  -foldval cache128  ssl      36.8%  66.0%    39.2%  1010
sd263_ssl_rj_s0                session-disjoint  -foldval cache128  ssl      39.9%  68.3%    42.0%  1010
sd263_ssl_rj_s1                session-disjoint  -foldval cache128  ssl      39.8%  68.1%    42.2%  1010
sd_full263                     session-disjoint          cache128  yes      22.1%  51.4%    25.2%  1010
include50__official            official                  cache     yes      88.0% 100.0%    89.6%   191
include50_v2__official         official                  cache     yes      95.3%  99.5%    97.0%   191
include50__random-video        random-video              cache     yes      92.5%  98.4%    92.8%   186
include50_v2__random-video     random-video              cache     yes      95.7%  99.5%    95.8%   186
abl112__take-group             take-group                cache128  yes      46.5%  82.4%    49.7%   159
abl128__take-group             take-group                cache128  yes      44.0%  84.9%    45.2%   159
abl64__take-group              take-group                cache128  yes      46.5%  86.2%    49.9%   159
include50__take-group          take-group                cache     yes      29.6%  76.1%    31.6%   159
include50_take-group_scratch   take-group                cache     no       23.3%  69.8%    25.4%   159
include50_v2__take-group       take-group                cache     yes      42.1%  85.5%    46.9%   159
frames12__sd                   session-disjoint          cache128  yes      12.3%  46.8%    26.9%   252
frames16__sd                   session-disjoint          cache128  yes      22.2%  62.7%    35.3%   252
frames4__sd                    session-disjoint          cache128  yes      21.8%  48.8%    34.1%   252
frames8__sd                    session-disjoint          cache128  yes      14.3%  50.4%    31.3%   252

seed replicates:
  sd263_rj                     n=2  mean 30.4%  sd 0.8%  range 29.9%-31.0%
  sd263_ssl_foldval            n=5  mean 35.0%  sd 1.9%  range 33.2%-38.0%
  sd263_ssl_rj                 n=2  mean 39.9%  sd 0.1%  range 39.8%-39.9%
  sd263_ssl_rj2                n=2  mean 40.0%  sd 4.5%  range 36.8%-43.2%

full263: strictest protocol is session-disjoint -> 40.0%  [sd263_ssl_rj2 (mean of 2 seeds)]
  random-video      95.4%  ->  +55.4 pts of leakage   [full263__random-video]
  take-group        44.1%  ->  +4.1 pts of leakage   [tg263_ssl_foldval]

include50: strictest protocol is session-disjoint -> 22.2%  [frames16__sd]
  official          95.3%  ->  +73.1 pts of leakage   [include50_v2__official]
  random-video      95.7%  ->  +73.5 pts of leakage   [include50_v2__random-video]
  take-group        46.5%  ->  +24.3 pts of leakage   [abl112__take-group]
