waiting for the vocabulary sweep to finish...

=========== 2000 epochs, weight_decay=0.05 ===========
[grok_wd005] best epoch 1999
  val  top1 0.0%  top5 0.0%  balanced 0.0%
  TEST top1 61.9%  top5 83.9%  balanced 61.4%  (n=472)

=========== 2000 epochs, weight_decay=0.5 ===========
[grok_wd05] best epoch 1999
  val  top1 0.0%  top5 0.0%  balanced 0.0%
  TEST top1 61.9%  top5 83.9%  balanced 61.4%  (n=472)

=========== TEST CURVE OVER TRAINING ===========

grok_wd005: 101 tracked points
 epoch  train_loss  test_top1
     0      3.9164      1.5%
   160      0.8973     55.1%
   320      0.9883     49.8%
   480      0.6366     51.1%
   640      0.8008     54.7%
   800      0.6959     55.9%
   960      0.6983     59.3%
  1120      0.7535     60.4%
  1280      0.4889     61.2%
  1440      0.4706     57.4%
  1600      0.8020     58.1%
  1760      0.7458     61.4%
  1920      0.8037     61.4%
  best 64.0%   final 62.1%   best in first quarter 57.4%
  -> LATE GAIN (investigate)

grok_wd05: 101 tracked points
 epoch  train_loss  test_top1
     0      3.9164      1.5%
   160      0.8973     55.1%
   320      0.9883     49.8%
   480      0.6366     51.1%
   640      0.8008     54.7%
   800      0.6959     55.9%
   960      0.6983     59.3%
  1120      0.7535     60.4%
  1280      0.4889     61.2%
  1440      0.4706     57.4%
  1600      0.8020     58.1%
  1760      0.7458     61.4%
  1920      0.8037     61.4%
  best 64.0%   final 62.1%   best in first quarter 57.4%
  -> LATE GAIN (investigate)

=========== DONE ===========
