Recovering 821 already-extracted videos before downloading more.
[1/821] Compressing Adjectives\23. high\MVI_9654.MOV
[2/821] Compressing Adjectives\23. high\MVI_9655.MOV
[3/821] Compressing Adjectives\23. high\MVI_9656.MOV
[4/821] Compressing Adjectives\23. high\MVI_9657.MOV
[5/821] Compressing Adjectives\23. high\MVI_9780.MOV
[6/821] Compressing Adjectives\23. high\MVI_9781.MOV
[7/821] Compressing Adjectives\23. high\MVI_9782.MOV
[8/821] Compressing Adjectives\23. high\MVI_9783.MOV
[9/821] Compressing Adjectives\24. low\MVI_9658.MOV
[10/821] Compressing Adjectives\24. low\MVI_9659.MOV
[11/821] Compressing Adjectives\24. low\MVI_9660.MOV
[12/821] Compressing Adjectives\24. low\MVI_9661.MOV
[13/821] Compressing Adjectives\24. low\MVI_9784.MOV
[14/821] Compressing Adjectives\24. low\MVI_9785.MOV
[15/821] Compressing Adjectives\24. low\MVI_9786.MOV
[16/821] Compressing Adjectives\24. low\MVI_9787.MOV
[17/821] Compressing Adjectives\25. soft\MVI_9662.MOV
[18/821] Compressing Adjectives\25. soft\MVI_9663.MOV
[19/821] Compressing Adjectives\25. soft\MVI_9664.MOV
[20/821] Compressing Adjectives\25. soft\MVI_9665.MOV
[21/821] Compressing Adjectives\25. soft\MVI_9789.MOV
[22/821] Compressing Adjectives\25. soft\MVI_9790.MOV
[23/821] Compressing Adjectives\25. soft\MVI_9791.MOV
[24/821] Compressing Adjectives\25. soft\MVI_9792.MOV
[25/821] Compressing Adjectives\26. hard\MVI_9666.MOV
[26/821] Compressing Adjectives\26. hard\MVI_9667.MOV
[27/821] Compressing Adjectives\26. hard\MVI_9668.MOV
[28/821] Compressing Adjectives\26. hard\MVI_9669.MOV
[29/821] Compressing Adjectives\26. hard\MVI_9793.MOV
[30/821] Compressing Adjectives\26. hard\MVI_9794.MOV
[31/821] Compressing Adjectives\26. hard\MVI_9795.MOV
[32/821] Compressing Adjectives\26. hard\MVI_9796.MOV
[33/821] Compressing Adjectives\27. deep\MVI_9670.MOV
[34/821] Compressing Adjectives\27. deep\MVI_9671.MOV
[35/821] Compressing Adjectives\27. deep\MVI_9672.MOV
[36/821] Compressing Adjectives\27. deep\MVI_9673.MOV
[37/821] Compressing Adjectives\27. deep\MVI_9797.MOV
[38/821] Compressing Adjectives\27. deep\MVI_9798.MOV
[39/821] Compressing Adjectives\27. deep\MVI_9799.MOV
[40/821] Compressing Adjectives\27. deep\MVI_9800.MOV
[41/821] Compressing Adjectives\28. shallow\MVI_9674.MOV
[42/821] Compressing Adjectives\28. shallow\MVI_9675.MOV
[43/821] Compressing Adjectives\28. shallow\MVI_9676.MOV
[44/821] Compressing Adjectives\28. shallow\MVI_9677.MOV
[45/821] Compressing Adjectives\28. shallow\MVI_9801.MOV
[46/821] Compressing Adjectives\28. shallow\MVI_9802.MOV
[47/821] Compressing Adjectives\28. shallow\MVI_9803.MOV
[48/821] Compressing Adjectives\28. shallow\MVI_9804.MOV
[49/821] Compressing Adjectives\29. clean\MVI_9679.MOV
[50/821] Compressing Adjectives\29. clean\MVI_9680.MOV
[51/821] Compressing Adjectives\29. clean\MVI_9681.MOV
[52/821] Compressing Adjectives\29. clean\MVI_9682.MOV
[53/821] Compressing Adjectives\29. clean\MVI_9806.MOV
[54/821] Compressing Adjectives\29. clean\MVI_9807.MOV
[55/821] Compressing Adjectives\29. clean\MVI_9808.MOV
[56/821] Compressing Adjectives\29. clean\MVI_9809.MOV
[57/821] Compressing Adjectives\30. dirty\MVI_9684.MOV
[58/821] Compressing Adjectives\30. dirty\MVI_9685.MOV
[59/821] Compressing Adjectives\30. dirty\MVI_9686.MOV
[60/821] Compressing Adjectives\30. dirty\MVI_9687.MOV
[61/821] Compressing Adjectives\30. dirty\MVI_9810.MOV
[62/821] Compressing Adjectives\30. dirty\MVI_9811.MOV
[63/821] Compressing Adjectives\30. dirty\MVI_9812.MOV
[64/821] Compressing Adjectives\30. dirty\MVI_9813.MOV
[65/821] Compressing Adjectives\31. strong\MVI_9690.MOV
[66/821] Compressing Adjectives\31. strong\MVI_9691.MOV
[67/821] Compressing Adjectives\31. strong\MVI_9692.MOV
[68/821] Compressing Adjectives\31. strong\MVI_9693.MOV
[69/821] Compressing Adjectives\31. strong\MVI_9814.MOV
[70/821] Compressing Adjectives\31. strong\MVI_9815.MOV
[71/821] Compressing Adjectives\31. strong\MVI_9816.MOV
[72/821] Compressing Adjectives\31. strong\MVI_9817.MOV
[73/821] Compressing Adjectives\32. weak\MVI_9694.MOV
[74/821] Compressing Adjectives\32. weak\MVI_9695.MOV
[75/821] Compressing Adjectives\32. weak\MVI_9696.MOV
[76/821] Compressing Adjectives\32. weak\MVI_9697.MOV
[77/821] Compressing Adjectives\32. weak\MVI_9818.MOV
[78/821] Compressing Adjectives\32. weak\MVI_9819.MOV
[79/821] Compressing Adjectives\32. weak\MVI_9820.MOV
[80/821] Compressing Adjectives\32. weak\MVI_9821.MOV
[81/821] Compressing Adjectives\33. dead\MVI_9699.MOV
[82/821] Compressing Adjectives\33. dead\MVI_9700.MOV
[83/821] Compressing Adjectives\33. dead\MVI_9701.MOV
[84/821] Compressing Adjectives\33. dead\MVI_9702.MOV
[85/821] Compressing Adjectives\33. dead\MVI_9823.MOV
[86/821] Compressing Adjectives\33. dead\MVI_9824.MOV
[87/821] Compressing Adjectives\33. dead\MVI_9825.MOV
[88/821] Compressing Adjectives\33. dead\MVI_9826.MOV
[89/821] Compressing Adjectives\34. alive\MVI_9703.MOV
[90/821] Compressing Adjectives\34. alive\MVI_9704.MOV
[91/821] Compressing Adjectives\34. alive\MVI_9705.MOV
[92/821] Compressing Adjectives\34. alive\MVI_9706.MOV
[93/821] Compressing Adjectives\34. alive\MVI_9827.MOV
[94/821] Compressing Adjectives\34. alive\MVI_9828.MOV
[95/821] Compressing Adjectives\34. alive\MVI_9829.MOV
[96/821] Compressing Adjectives\34. alive\MVI_9830.MOV
[97/821] Compressing Adjectives\35. heavy\MVI_9707.MOV
[98/821] Compressing Adjectives\35. heavy\MVI_9708.MOV
[99/821] Compressing Adjectives\35. heavy\MVI_9709.MOV
[100/821] Compressing Adjectives\35. heavy\MVI_9710.MOV
[101/821] Compressing Adjectives\35. heavy\MVI_9831.MOV
[102/821] Compressing Adjectives\35. heavy\MVI_9832.MOV
[103/821] Compressing Adjectives\35. heavy\MVI_9833.MOV
[104/821] Compressing Adjectives\35. heavy\MVI_9834.MOV
[105/821] Compressing Adjectives\36. light\MVI_9711.MOV
[106/821] Compressing Adjectives\36. light\MVI_9712.MOV
[107/821] Compressing Adjectives\36. light\MVI_9713.MOV
[108/821] Compressing Adjectives\36. light\MVI_9714.MOV
[109/821] Compressing Adjectives\36. light\MVI_9835.MOV
[110/821] Compressing Adjectives\36. light\MVI_9836.MOV
[111/821] Compressing Adjectives\36. light\MVI_9837.MOV
[112/821] Compressing Adjectives\36. light\MVI_9838.MOV
[113/821] Compressing Adjectives\39. famous\MVI_9715.MOV
[114/821] Compressing Adjectives\39. famous\MVI_9716.MOV
[115/821] Compressing Adjectives\39. famous\MVI_9717.MOV
[116/821] Compressing Adjectives\39. famous\MVI_9718.MOV
[117/821] Compressing Adjectives\39. famous\MVI_9839.MOV
[118/821] Compressing Adjectives\39. famous\MVI_9841.MOV
[119/821] Compressing Adjectives\39. famous\MVI_9842.MOV
[120/821] Compressing Adjectives\39. famous\MVI_9843.MOV
[121/821] Compressing Adjectives\78. long\MVI_5106.MOV
[122/821] Compressing Adjectives\78. long\MVI_5107.MOV
[123/821] Compressing Adjectives\78. long\MVI_5108.MOV
[124/821] Compressing Adjectives\78. long\MVI_5186.MOV
[125/821] Compressing Adjectives\78. long\MVI_5187.MOV
[126/821] Compressing Adjectives\78. long\MVI_5188.MOV
[127/821] Compressing Adjectives\78. long\MVI_5266.MOV
[128/821] Compressing Adjectives\78. long\MVI_5267.MOV
[129/821] Compressing Adjectives\78. long\MVI_5268.MOV
[130/821] Compressing Adjectives\78. long\MVI_9217.MOV
[131/821] Compressing Adjectives\78. long\MVI_9218.MOV
[132/821] Compressing Adjectives\78. long\MVI_9219.MOV
[133/821] Compressing Adjectives\78. long\MVI_9298.MOV
[134/821] Compressing Adjectives\78. long\MVI_9299.MOV
[135/821] Compressing Adjectives\78. long\MVI_9300.MOV
[136/821] Compressing Adjectives\78. long\MVI_9377.MOV
[137/821] Compressing Adjectives\78. long\MVI_9378.MOV
[138/821] Compressing Adjectives\78. long\MVI_9379.MOV
[139/821] Compressing Adjectives\78. long\MVI_9458.MOV
[140/821] Compressing Adjectives\78. long\MVI_9459.MOV
[141/821] Compressing Adjectives\78. long\MVI_9460.MOV
[142/821] Compressing Adjectives\79. short\extra\MVI_5192.MOV
[143/821] Compressing Adjectives\79. short\MVI_5110.MOV
[144/821] Compressing Adjectives\79. short\MVI_5111.MOV
[145/821] Compressing Adjectives\79. short\MVI_5112.MOV
[146/821] Compressing Adjectives\79. short\MVI_5189.MOV
[147/821] Compressing Adjectives\79. short\MVI_5190.MOV
[148/821] Compressing Adjectives\79. short\MVI_5191.MOV
[149/821] Compressing Adjectives\79. short\MVI_5269.MOV
[150/821] Compressing Adjectives\79. short\MVI_5270.MOV
[151/821] Compressing Adjectives\79. short\MVI_5271.MOV
[152/821] Compressing Adjectives\79. short\MVI_9220.MOV
[153/821] Compressing Adjectives\79. short\MVI_9221.MOV
[154/821] Compressing Adjectives\79. short\MVI_9222.MOV
[155/821] Compressing Adjectives\79. short\MVI_9301.MOV
[156/821] Compressing Adjectives\79. short\MVI_9302.MOV
[157/821] Compressing Adjectives\79. short\MVI_9303.MOV
[158/821] Compressing Adjectives\79. short\MVI_9380.MOV
[159/821] Compressing Adjectives\79. short\MVI_9381.MOV
[160/821] Compressing Adjectives\79. short\MVI_9382.MOV
[161/821] Compressing Adjectives\79. short\MVI_9461.MOV
[162/821] Compressing Adjectives\79. short\MVI_9462.MOV
[163/821] Compressing Adjectives\79. short\MVI_9463.MOV
[164/821] Compressing Adjectives\80. tall\MVI_5114.MOV
[165/821] Compressing Adjectives\80. tall\MVI_5115.MOV
[166/821] Compressing Adjectives\80. tall\MVI_5116.MOV
[167/821] Compressing Adjectives\80. tall\MVI_5194.MOV
[168/821] Compressing Adjectives\80. tall\MVI_5195.MOV
[169/821] Compressing Adjectives\80. tall\MVI_5196.MOV
[170/821] Compressing Adjectives\80. tall\MVI_5273.MOV
[171/821] Compressing Adjectives\80. tall\MVI_5274.MOV
[172/821] Compressing Adjectives\80. tall\MVI_5276.MOV
[173/821] Compressing Adjectives\80. tall\MVI_9223.MOV
[174/821] Compressing Adjectives\80. tall\MVI_9224.MOV
[175/821] Compressing Adjectives\80. tall\MVI_9225.MOV
[176/821] Compressing Adjectives\80. tall\MVI_9307.MOV
[177/821] Compressing Adjectives\80. tall\MVI_9308.MOV
[178/821] Compressing Adjectives\80. tall\MVI_9309.MOV
[179/821] Compressing Adjectives\80. tall\MVI_9384.MOV
[180/821] Compressing Adjectives\80. tall\MVI_9386.MOV
[181/821] Compressing Adjectives\80. tall\MVI_9387.MOV
[182/821] Compressing Adjectives\80. tall\MVI_9464.MOV
[183/821] Compressing Adjectives\80. tall\MVI_9465.MOV
[184/821] Compressing Adjectives\80. tall\MVI_9466.MOV
[185/821] Compressing Adjectives\81. wide\MVI_5117.MOV
[186/821] Compressing Adjectives\81. wide\MVI_5118.MOV
[187/821] Compressing Adjectives\81. wide\MVI_5119.MOV
[188/821] Compressing Adjectives\81. wide\MVI_5197.MOV
[189/821] Compressing Adjectives\81. wide\MVI_5198.MOV
[190/821] Compressing Adjectives\81. wide\MVI_5199.MOV
[191/821] Compressing Adjectives\81. wide\MVI_5277.MOV
[192/821] Compressing Adjectives\81. wide\MVI_5278.MOV
[193/821] Compressing Adjectives\81. wide\MVI_5279.MOV
[194/821] Compressing Adjectives\81. wide\MVI_9227.MOV
[195/821] Compressing Adjectives\81. wide\MVI_9228.MOV
[196/821] Compressing Adjectives\81. wide\MVI_9229.MOV
[197/821] Compressing Adjectives\81. wide\MVI_9310.MOV
[198/821] Compressing Adjectives\81. wide\MVI_9311.MOV
[199/821] Compressing Adjectives\81. wide\MVI_9312.MOV
[200/821] Compressing Adjectives\81. wide\MVI_9388.MOV
[201/821] Compressing Adjectives\81. wide\MVI_9389.MOV
[202/821] Compressing Adjectives\81. wide\MVI_9390.MOV
[203/821] Compressing Adjectives\81. wide\MVI_9467.MOV
[204/821] Compressing Adjectives\81. wide\MVI_9468.MOV
[205/821] Compressing Adjectives\81. wide\MVI_9469.MOV
[206/821] Compressing Adjectives\82. narrow\MVI_5120.MOV
[207/821] Compressing Adjectives\82. narrow\MVI_5121.MOV
[208/821] Compressing Adjectives\82. narrow\MVI_5122.MOV
[209/821] Compressing Adjectives\82. narrow\MVI_5200.MOV
[210/821] Compressing Adjectives\82. narrow\MVI_5201.MOV
[211/821] Compressing Adjectives\82. narrow\MVI_5202.MOV
[212/821] Compressing Adjectives\82. narrow\MVI_5280.MOV
[213/821] Compressing Adjectives\82. narrow\MVI_5281.MOV
[214/821] Compressing Adjectives\82. narrow\MVI_5282.MOV
[215/821] Compressing Adjectives\82. narrow\MVI_9230.MOV
[216/821] Compressing Adjectives\82. narrow\MVI_9231.MOV
[217/821] Compressing Adjectives\82. narrow\MVI_9232.MOV
[218/821] Compressing Adjectives\82. narrow\MVI_9313.MOV
[219/821] Compressing Adjectives\82. narrow\MVI_9314.MOV
[220/821] Compressing Adjectives\82. narrow\MVI_9315.MOV
[221/821] Compressing Adjectives\82. narrow\MVI_9391.MOV
[222/821] Compressing Adjectives\82. narrow\MVI_9392.MOV
[223/821] Compressing Adjectives\82. narrow\MVI_9393.MOV
[224/821] Compressing Adjectives\82. narrow\MVI_9471.MOV
[225/821] Compressing Adjectives\82. narrow\MVI_9472.MOV
[226/821] Compressing Adjectives\82. narrow\MVI_9474.MOV
[227/821] Compressing Adjectives\83. big large\MVI_5123.MOV
[228/821] Compressing Adjectives\83. big large\MVI_5124.MOV
[229/821] Compressing Adjectives\83. big large\MVI_5125.MOV
[230/821] Compressing Adjectives\83. big large\MVI_5203.MOV
[231/821] Compressing Adjectives\83. big large\MVI_5204.MOV
[232/821] Compressing Adjectives\83. big large\MVI_5205.MOV
[233/821] Compressing Adjectives\83. big large\MVI_5283.MOV
[234/821] Compressing Adjectives\83. big large\MVI_5284.MOV
[235/821] Compressing Adjectives\83. big large\MVI_5285.MOV
[236/821] Compressing Adjectives\83. big large\MVI_9233.MOV
[237/821] Compressing Adjectives\83. big large\MVI_9234.MOV
[238/821] Compressing Adjectives\83. big large\MVI_9235.MOV
[239/821] Compressing Adjectives\83. big large\MVI_9316.MOV
[240/821] Compressing Adjectives\83. big large\MVI_9317.MOV
[241/821] Compressing Adjectives\83. big large\MVI_9318.MOV
[242/821] Compressing Adjectives\83. big large\MVI_9394.MOV
[243/821] Compressing Adjectives\83. big large\MVI_9395.MOV
[244/821] Compressing Adjectives\83. big large\MVI_9396.MOV
[245/821] Compressing Adjectives\83. big large\MVI_9475.MOV
[246/821] Compressing Adjectives\83. big large\MVI_9476.MOV
[247/821] Compressing Adjectives\83. big large\MVI_9477.MOV
[248/821] Compressing Adjectives\84. small little\extra\MVI_5209.MOV
[249/821] Compressing Adjectives\84. small little\MVI_5126.MOV
[250/821] Compressing Adjectives\84. small little\MVI_5127.MOV
[251/821] Compressing Adjectives\84. small little\MVI_5128.MOV
[252/821] Compressing Adjectives\84. small little\MVI_5206.MOV
[253/821] Compressing Adjectives\84. small little\MVI_5207.MOV
[254/821] Compressing Adjectives\84. small little\MVI_5208.MOV
[255/821] Compressing Adjectives\84. small little\MVI_5286.MOV
[256/821] Compressing Adjectives\84. small little\MVI_5287.MOV
[257/821] Compressing Adjectives\84. small little\MVI_5288.MOV
[258/821] Compressing Adjectives\84. small little\MVI_9236.MOV
[259/821] Compressing Adjectives\84. small little\MVI_9237.MOV
[260/821] Compressing Adjectives\84. small little\MVI_9238.MOV
[261/821] Compressing Adjectives\84. small little\MVI_9319.MOV
[262/821] Compressing Adjectives\84. small little\MVI_9320.MOV
[263/821] Compressing Adjectives\84. small little\MVI_9321.MOV
[264/821] Compressing Adjectives\84. small little\MVI_9397.MOV
[265/821] Compressing Adjectives\84. small little\MVI_9398.MOV
[266/821] Compressing Adjectives\84. small little\MVI_9400.MOV
[267/821] Compressing Adjectives\84. small little\MVI_9478.MOV
[268/821] Compressing Adjectives\84. small little\MVI_9479.MOV
[269/821] Compressing Adjectives\84. small little\MVI_9480.MOV
[270/821] Compressing Adjectives\85. slow\MVI_5130.MOV
[271/821] Compressing Adjectives\85. slow\MVI_5131.MOV
[272/821] Compressing Adjectives\85. slow\MVI_5132.MOV
[273/821] Compressing Adjectives\85. slow\MVI_5210.MOV
[274/821] Compressing Adjectives\85. slow\MVI_5211.MOV
[275/821] Compressing Adjectives\85. slow\MVI_5212.MOV
[276/821] Compressing Adjectives\85. slow\MVI_5289.MOV
[277/821] Compressing Adjectives\85. slow\MVI_5290.MOV
[278/821] Compressing Adjectives\85. slow\MVI_5291.MOV
[279/821] Compressing Adjectives\85. slow\MVI_9240.MOV
[280/821] Compressing Adjectives\85. slow\MVI_9242.MOV
[281/821] Compressing Adjectives\85. slow\MVI_9243.MOV
[282/821] Compressing Adjectives\85. slow\MVI_9322.MOV
[283/821] Compressing Adjectives\85. slow\MVI_9323.MOV
[284/821] Compressing Adjectives\85. slow\MVI_9324.MOV
[285/821] Compressing Adjectives\85. slow\MVI_9402.MOV
[286/821] Compressing Adjectives\85. slow\MVI_9403.MOV
[287/821] Compressing Adjectives\85. slow\MVI_9404.MOV
[288/821] Compressing Adjectives\85. slow\MVI_9481.MOV
[289/821] Compressing Adjectives\85. slow\MVI_9482.MOV
[290/821] Compressing Adjectives\85. slow\MVI_9483.MOV
[291/821] Compressing Adjectives\86. fast\MVI_5133.MOV
[292/821] Compressing Adjectives\86. fast\MVI_5134.MOV
[293/821] Compressing Adjectives\86. fast\MVI_5135.MOV
[294/821] Compressing Adjectives\86. fast\MVI_5213.MOV
[295/821] Compressing Adjectives\86. fast\MVI_5214.MOV
[296/821] Compressing Adjectives\86. fast\MVI_5215.MOV
[297/821] Compressing Adjectives\86. fast\MVI_5292.MOV
[298/821] Compressing Adjectives\86. fast\MVI_5293.MOV
[299/821] Compressing Adjectives\86. fast\MVI_5294.MOV
[300/821] Compressing Adjectives\86. fast\MVI_9244.MOV
[301/821] Compressing Adjectives\86. fast\MVI_9245.MOV
[302/821] Compressing Adjectives\86. fast\MVI_9246.MOV
[303/821] Compressing Adjectives\86. fast\MVI_9325.MOV
[304/821] Compressing Adjectives\86. fast\MVI_9326.MOV
[305/821] Compressing Adjectives\86. fast\MVI_9327.MOV
[306/821] Compressing Adjectives\86. fast\MVI_9405.MOV
[307/821] Compressing Adjectives\86. fast\MVI_9406.MOV
[308/821] Compressing Adjectives\86. fast\MVI_9407.MOV
[309/821] Compressing Adjectives\86. fast\MVI_9484.MOV
[310/821] Compressing Adjectives\86. fast\MVI_9485.MOV
[311/821] Compressing Adjectives\86. fast\MVI_9486.MOV
[312/821] Compressing Adjectives\87. hot\MVI_5136.MOV
[313/821] Compressing Adjectives\87. hot\MVI_5137.MOV
[314/821] Compressing Adjectives\87. hot\MVI_5138.MOV
[315/821] Compressing Adjectives\87. hot\MVI_5216.MOV
[316/821] Compressing Adjectives\87. hot\MVI_5217.MOV
[317/821] Compressing Adjectives\87. hot\MVI_5218.MOV
[318/821] Compressing Adjectives\87. hot\MVI_5295.MOV
[319/821] Compressing Adjectives\87. hot\MVI_5296.MOV
[320/821] Compressing Adjectives\87. hot\MVI_5297.MOV
[321/821] Compressing Adjectives\87. hot\MVI_9247.MOV
[322/821] Compressing Adjectives\87. hot\MVI_9248.MOV
[323/821] Compressing Adjectives\87. hot\MVI_9249.MOV
[324/821] Compressing Adjectives\87. hot\MVI_9328.MOV
[325/821] Compressing Adjectives\87. hot\MVI_9329.MOV
[326/821] Compressing Adjectives\87. hot\MVI_9330.MOV
[327/821] Compressing Adjectives\87. hot\MVI_9408.MOV
[328/821] Compressing Adjectives\87. hot\MVI_9409.MOV
[329/821] Compressing Adjectives\87. hot\MVI_9410.MOV
[330/821] Compressing Adjectives\87. hot\MVI_9487.MOV
[331/821] Compressing Adjectives\87. hot\MVI_9488.MOV
[332/821] Compressing Adjectives\87. hot\MVI_9489.MOV
[333/821] Compressing Adjectives\88. cold\MVI_5139.MOV
[334/821] Compressing Adjectives\88. cold\MVI_5140.MOV
[335/821] Compressing Adjectives\88. cold\MVI_5219.MOV
[336/821] Compressing Adjectives\88. cold\MVI_5220.MOV
[337/821] Compressing Adjectives\88. cold\MVI_5221.MOV
[338/821] Compressing Adjectives\88. cold\MVI_5298.MOV
[339/821] Compressing Adjectives\88. cold\MVI_5299.MOV
[340/821] Compressing Adjectives\88. cold\MVI_5300.MOV
[341/821] Compressing Adjectives\88. cold\MVI_9250.MOV
[342/821] Compressing Adjectives\88. cold\MVI_9251.MOV
[343/821] Compressing Adjectives\88. cold\MVI_9252.MOV
[344/821] Compressing Adjectives\88. cold\MVI_9331.MOV
[345/821] Compressing Adjectives\88. cold\MVI_9332.MOV
[346/821] Compressing Adjectives\88. cold\MVI_9333.MOV
[347/821] Compressing Adjectives\88. cold\MVI_9411.MOV
[348/821] Compressing Adjectives\88. cold\MVI_9412.MOV
[349/821] Compressing Adjectives\88. cold\MVI_9413.MOV
[350/821] Compressing Adjectives\88. cold\MVI_9490.MOV
[351/821] Compressing Adjectives\88. cold\MVI_9491.MOV
[352/821] Compressing Adjectives\88. cold\MVI_9492.MOV
[353/821] Compressing Adjectives\89. warm\MVI_5141.MOV
[354/821] Compressing Adjectives\89. warm\MVI_5143.MOV
[355/821] Compressing Adjectives\89. warm\MVI_5144.MOV
[356/821] Compressing Adjectives\89. warm\MVI_5222.MOV
[357/821] Compressing Adjectives\89. warm\MVI_5223.MOV
[358/821] Compressing Adjectives\89. warm\MVI_5224.MOV
[359/821] Compressing Adjectives\89. warm\MVI_5301.MOV
[360/821] Compressing Adjectives\89. warm\MVI_5302.MOV
[361/821] Compressing Adjectives\89. warm\MVI_5303.MOV
[362/821] Compressing Adjectives\89. warm\MVI_9253.MOV
[363/821] Compressing Adjectives\89. warm\MVI_9254.MOV
[364/821] Compressing Adjectives\89. warm\MVI_9255.MOV
[365/821] Compressing Adjectives\89. warm\MVI_9334.MOV
[366/821] Compressing Adjectives\89. warm\MVI_9335.MOV
[367/821] Compressing Adjectives\89. warm\MVI_9336.MOV
[368/821] Compressing Adjectives\89. warm\MVI_9415.MOV
[369/821] Compressing Adjectives\89. warm\MVI_9416.MOV
[370/821] Compressing Adjectives\89. warm\MVI_9417.MOV
[371/821] Compressing Adjectives\89. warm\MVI_9493.MOV
[372/821] Compressing Adjectives\89. warm\MVI_9494.MOV
[373/821] Compressing Adjectives\89. warm\MVI_9495.MOV
[374/821] Compressing Adjectives\90. cool\MVI_5145.MOV
[375/821] Compressing Adjectives\90. cool\MVI_5146.MOV
[376/821] Compressing Adjectives\90. cool\MVI_5147.MOV
[377/821] Compressing Adjectives\90. cool\MVI_5225.MOV
[378/821] Compressing Adjectives\90. cool\MVI_5226.MOV
[379/821] Compressing Adjectives\90. cool\MVI_5227.MOV
[380/821] Compressing Adjectives\90. cool\MVI_5304.MOV
[381/821] Compressing Adjectives\90. cool\MVI_5305.MOV
[382/821] Compressing Adjectives\90. cool\MVI_5306.MOV
[383/821] Compressing Adjectives\90. cool\MVI_9256.MOV
[384/821] Compressing Adjectives\90. cool\MVI_9257.MOV
[385/821] Compressing Adjectives\90. cool\MVI_9258.MOV
[386/821] Compressing Adjectives\90. cool\MVI_9337.MOV
[387/821] Compressing Adjectives\90. cool\MVI_9338.MOV
[388/821] Compressing Adjectives\90. cool\MVI_9339.MOV
[389/821] Compressing Adjectives\90. cool\MVI_9418.MOV
[390/821] Compressing Adjectives\90. cool\MVI_9419.MOV
[391/821] Compressing Adjectives\90. cool\MVI_9420.MOV
[392/821] Compressing Adjectives\90. cool\MVI_9497.MOV
[393/821] Compressing Adjectives\90. cool\MVI_9498.MOV
[394/821] Compressing Adjectives\90. cool\MVI_9499.MOV
[395/821] Compressing Adjectives\91. new\MVI_5148.MOV
[396/821] Compressing Adjectives\91. new\MVI_5150.MOV
[397/821] Compressing Adjectives\91. new\MVI_5151.MOV
[398/821] Compressing Adjectives\91. new\MVI_5229.MOV
[399/821] Compressing Adjectives\91. new\MVI_5230.MOV
[400/821] Compressing Adjectives\91. new\MVI_5231.MOV
[401/821] Compressing Adjectives\91. new\MVI_5307.MOV
[402/821] Compressing Adjectives\91. new\MVI_5308.MOV
[403/821] Compressing Adjectives\91. new\MVI_5309.MOV
[404/821] Compressing Adjectives\91. new\MVI_9259.MOV
[405/821] Compressing Adjectives\91. new\MVI_9260.MOV
[406/821] Compressing Adjectives\91. new\MVI_9261.MOV
[407/821] Compressing Adjectives\91. new\MVI_9340.MOV
[408/821] Compressing Adjectives\91. new\MVI_9341.MOV
[409/821] Compressing Adjectives\91. new\MVI_9342.MOV
[410/821] Compressing Adjectives\91. new\MVI_9421.MOV
[411/821] Compressing Adjectives\91. new\MVI_9422.MOV
[412/821] Compressing Adjectives\91. new\MVI_9423.MOV
[413/821] Compressing Adjectives\91. new\MVI_9500.MOV
[414/821] Compressing Adjectives\91. new\MVI_9501.MOV
[415/821] Compressing Adjectives\91. new\MVI_9502.MOV
[416/821] Compressing Adjectives\92. old\MVI_5152.MOV
[417/821] Compressing Adjectives\92. old\MVI_5153.MOV
[418/821] Compressing Adjectives\92. old\MVI_5154.MOV
[419/821] Compressing Adjectives\92. old\MVI_5232.MOV
[420/821] Compressing Adjectives\92. old\MVI_5233.MOV
[421/821] Compressing Adjectives\92. old\MVI_5234.MOV
[422/821] Compressing Adjectives\92. old\MVI_5310.MOV
[423/821] Compressing Adjectives\92. old\MVI_5311.MOV
[424/821] Compressing Adjectives\92. old\MVI_5312.MOV
[425/821] Compressing Adjectives\92. old\MVI_9262.MOV
[426/821] Compressing Adjectives\92. old\MVI_9263.MOV
[427/821] Compressing Adjectives\92. old\MVI_9264.MOV
[428/821] Compressing Adjectives\92. old\MVI_9343.MOV
[429/821] Compressing Adjectives\92. old\MVI_9344.MOV
[430/821] Compressing Adjectives\92. old\MVI_9345.MOV
[431/821] Compressing Adjectives\92. old\MVI_9424.MOV
[432/821] Compressing Adjectives\92. old\MVI_9425.MOV
[433/821] Compressing Adjectives\92. old\MVI_9426.MOV
[434/821] Compressing Adjectives\92. old\MVI_9504.MOV
[435/821] Compressing Adjectives\92. old\MVI_9505.MOV
[436/821] Compressing Adjectives\92. old\MVI_9506.MOV
[437/821] Compressing Adjectives\93. young\MVI_5155.MOV
[438/821] Compressing Adjectives\93. young\MVI_5156.MOV
[439/821] Compressing Adjectives\93. young\MVI_5157.MOV
[440/821] Compressing Adjectives\93. young\MVI_5235.MOV
[441/821] Compressing Adjectives\93. young\MVI_5236.MOV
[442/821] Compressing Adjectives\93. young\MVI_5237.MOV
[443/821] Compressing Adjectives\93. young\MVI_5313.MOV
[444/821] Compressing Adjectives\93. young\MVI_5314.MOV
[445/821] Compressing Adjectives\93. young\MVI_5315.MOV
[446/821] Compressing Adjectives\93. young\MVI_9265.MOV
[447/821] Compressing Adjectives\93. young\MVI_9266.MOV
[448/821] Compressing Adjectives\93. young\MVI_9267.MOV
[449/821] Compressing Adjectives\93. young\MVI_9346.MOV
[450/821] Compressing Adjectives\93. young\MVI_9347.MOV
[451/821] Compressing Adjectives\93. young\MVI_9348.MOV
[452/821] Compressing Adjectives\93. young\MVI_9427.MOV
[453/821] Compressing Adjectives\93. young\MVI_9428.MOV
[454/821] Compressing Adjectives\93. young\MVI_9429.MOV
[455/821] Compressing Adjectives\93. young\MVI_9507.MOV
[456/821] Compressing Adjectives\93. young\MVI_9508.MOV
[457/821] Compressing Adjectives\93. young\MVI_9509.MOV
[458/821] Compressing Adjectives\94. good\MVI_5158.MOV
[459/821] Compressing Adjectives\94. good\MVI_5159.MOV
[460/821] Compressing Adjectives\94. good\MVI_5160.MOV
[461/821] Compressing Adjectives\94. good\MVI_5238.MOV
[462/821] Compressing Adjectives\94. good\MVI_5239.MOV
[463/821] Compressing Adjectives\94. good\MVI_5240.MOV
[464/821] Compressing Adjectives\94. good\MVI_5316.MOV
[465/821] Compressing Adjectives\94. good\MVI_5317.MOV
[466/821] Compressing Adjectives\94. good\MVI_5318.MOV
[467/821] Compressing Adjectives\94. good\MVI_9268.MOV
[468/821] Compressing Adjectives\94. good\MVI_9269.MOV
[469/821] Compressing Adjectives\94. good\MVI_9270.MOV
[470/821] Compressing Adjectives\94. good\MVI_9349.MOV
[471/821] Compressing Adjectives\94. good\MVI_9350.MOV
[472/821] Compressing Adjectives\94. good\MVI_9351.MOV
[473/821] Compressing Adjectives\94. good\MVI_9430.MOV
[474/821] Compressing Adjectives\94. good\MVI_9431.MOV
[475/821] Compressing Adjectives\94. good\MVI_9432.MOV
[476/821] Compressing Adjectives\94. good\MVI_9510.MOV
[477/821] Compressing Adjectives\94. good\MVI_9511.MOV
[478/821] Compressing Adjectives\94. good\MVI_9512.MOV
[479/821] Compressing Adjectives\95. bad\MVI_5161.MOV
[480/821] Compressing Adjectives\95. bad\MVI_5162.MOV
[481/821] Compressing Adjectives\95. bad\MVI_5163.MOV
[482/821] Compressing Adjectives\95. bad\MVI_5241.MOV
[483/821] Compressing Adjectives\95. bad\MVI_5242.MOV
[484/821] Compressing Adjectives\95. bad\MVI_5243.MOV
[485/821] Compressing Adjectives\95. bad\MVI_5319.MOV
[486/821] Compressing Adjectives\95. bad\MVI_5320.MOV
[487/821] Compressing Adjectives\95. bad\MVI_5321.MOV
[488/821] Compressing Adjectives\95. bad\MVI_9271.MOV
[489/821] Compressing Adjectives\95. bad\MVI_9272.MOV
[490/821] Compressing Adjectives\95. bad\MVI_9273.MOV
[491/821] Compressing Adjectives\95. bad\MVI_9352.MOV
[492/821] Compressing Adjectives\95. bad\MVI_9353.MOV
[493/821] Compressing Adjectives\95. bad\MVI_9354.MOV
[494/821] Compressing Adjectives\95. bad\MVI_9433.MOV
[495/821] Compressing Adjectives\95. bad\MVI_9434.MOV
[496/821] Compressing Adjectives\95. bad\MVI_9435.MOV
[497/821] Compressing Adjectives\95. bad\MVI_9513.MOV
[498/821] Compressing Adjectives\95. bad\MVI_9514.MOV
[499/821] Compressing Adjectives\95. bad\MVI_9516.MOV
[500/821] Compressing Adjectives\96. wet\MVI_5164.MOV
[501/821] Compressing Adjectives\96. wet\MVI_5165.MOV
[502/821] Compressing Adjectives\96. wet\MVI_5166.MOV
[503/821] Compressing Adjectives\96. wet\MVI_5244.MOV
[504/821] Compressing Adjectives\96. wet\MVI_5245.MOV
[505/821] Compressing Adjectives\96. wet\MVI_5246.MOV
[506/821] Compressing Adjectives\96. wet\MVI_5322.MOV
[507/821] Compressing Adjectives\96. wet\MVI_5323.MOV
[508/821] Compressing Adjectives\96. wet\MVI_5324.MOV
[509/821] Compressing Adjectives\96. wet\MVI_9274.MOV
[510/821] Compressing Adjectives\96. wet\MVI_9275.MOV
[511/821] Compressing Adjectives\96. wet\MVI_9276.MOV
[512/821] Compressing Adjectives\96. wet\MVI_9355.MOV
[513/821] Compressing Adjectives\96. wet\MVI_9356.MOV
[514/821] Compressing Adjectives\96. wet\MVI_9357.MOV
[515/821] Compressing Adjectives\96. wet\MVI_9436.MOV
[516/821] Compressing Adjectives\96. wet\MVI_9437.MOV
[517/821] Compressing Adjectives\96. wet\MVI_9438.MOV
[518/821] Compressing Adjectives\96. wet\MVI_9517.MOV
[519/821] Compressing Adjectives\96. wet\MVI_9518.MOV
[520/821] Compressing Adjectives\96. wet\MVI_9520.MOV
[521/821] Compressing Adjectives\97. dry\MVI_5167.MOV
[522/821] Compressing Adjectives\97. dry\MVI_5168.MOV
[523/821] Compressing Adjectives\97. dry\MVI_5169.MOV
[524/821] Compressing Adjectives\97. dry\MVI_5248.MOV
[525/821] Compressing Adjectives\97. dry\MVI_5249.MOV
[526/821] Compressing Adjectives\97. dry\MVI_5250.MOV
[527/821] Compressing Adjectives\97. dry\MVI_5326.MOV
[528/821] Compressing Adjectives\97. dry\MVI_5327.MOV
[529/821] Compressing Adjectives\97. dry\MVI_5328.MOV
[530/821] Compressing Adjectives\97. dry\MVI_9277.MOV
[531/821] Compressing Adjectives\97. dry\MVI_9278.MOV
[532/821] Compressing Adjectives\97. dry\MVI_9279.MOV
[533/821] Compressing Adjectives\97. dry\MVI_9359.MOV
[534/821] Compressing Adjectives\97. dry\MVI_9360.MOV
[535/821] Compressing Adjectives\97. dry\MVI_9361.MOV
[536/821] Compressing Adjectives\97. dry\MVI_9439.MOV
[537/821] Compressing Adjectives\97. dry\MVI_9440.MOV
[538/821] Compressing Adjectives\97. dry\MVI_9441.MOV
[539/821] Compressing Adjectives\97. dry\MVI_9521.MOV
[540/821] Compressing Adjectives\97. dry\MVI_9522.MOV
[541/821] Compressing Adjectives\97. dry\MVI_9523.MOV
[542/821] Compressing Adjectives\98. sick\MVI_5170.MOV
[543/821] Compressing Adjectives\98. sick\MVI_5171.MOV
[544/821] Compressing Adjectives\98. sick\MVI_5172.MOV
[545/821] Compressing Adjectives\98. sick\MVI_5251.MOV
[546/821] Compressing Adjectives\98. sick\MVI_5252.MOV
[547/821] Compressing Adjectives\98. sick\MVI_5253.MOV
[548/821] Compressing Adjectives\98. sick\MVI_5329.MOV
[549/821] Compressing Adjectives\98. sick\MVI_5330.MOV
[550/821] Compressing Adjectives\98. sick\MVI_5331.MOV
[551/821] Compressing Adjectives\98. sick\MVI_9280.MOV
[552/821] Compressing Adjectives\98. sick\MVI_9281.MOV
[553/821] Compressing Adjectives\98. sick\MVI_9282.MOV
[554/821] Compressing Adjectives\98. sick\MVI_9362.MOV
[555/821] Compressing Adjectives\98. sick\MVI_9363.MOV
[556/821] Compressing Adjectives\98. sick\MVI_9364.MOV
[557/821] Compressing Adjectives\98. sick\MVI_9442.MOV
[558/821] Compressing Adjectives\98. sick\MVI_9443.MOV
[559/821] Compressing Adjectives\98. sick\MVI_9444.MOV
[560/821] Compressing Adjectives\98. sick\MVI_9527.MOV
[561/821] Compressing Adjectives\98. sick\MVI_9528.MOV
[562/821] Compressing Adjectives\98. sick\MVI_9529.MOV
[563/821] Compressing Adjectives\99. healthy\MVI_5173.MOV
[564/821] Compressing Adjectives\99. healthy\MVI_5174.MOV
[565/821] Compressing Adjectives\99. healthy\MVI_5175.MOV
[566/821] Compressing Adjectives\99. healthy\MVI_5254.MOV
[567/821] Compressing Adjectives\99. healthy\MVI_5255.MOV
[568/821] Compressing Adjectives\99. healthy\MVI_5256.MOV
[569/821] Compressing Adjectives\99. healthy\MVI_5332.MOV
[570/821] Compressing Adjectives\99. healthy\MVI_5333.MOV
[571/821] Compressing Adjectives\99. healthy\MVI_5334.MOV
[572/821] Compressing Adjectives\99. healthy\MVI_9286.MOV
[573/821] Compressing Adjectives\99. healthy\MVI_9287.MOV
[574/821] Compressing Adjectives\99. healthy\MVI_9288.MOV
[575/821] Compressing Adjectives\99. healthy\MVI_9365.MOV
[576/821] Compressing Adjectives\99. healthy\MVI_9366.MOV
[577/821] Compressing Adjectives\99. healthy\MVI_9367.MOV
[578/821] Compressing Adjectives\99. healthy\MVI_9445.MOV
[579/821] Compressing Adjectives\99. healthy\MVI_9446.MOV
[580/821] Compressing Adjectives\99. healthy\MVI_9447.MOV
[581/821] Compressing Adjectives\99. healthy\MVI_9530.MOV
[582/821] Compressing Adjectives\99. healthy\MVI_9531.MOV
[583/821] Compressing Adjectives\99. healthy\MVI_9532.MOV
[584/821] Compressing Home\46. Box\MVI_4437.MOV
[585/821] Compressing Home\46. Box\MVI_4438.MOV
[586/821] Compressing Home\46. Box\MVI_4439.MOV
[587/821] Compressing Home\46. Box\MVI_4440.MOV
[588/821] Compressing Home\46. Box\MVI_4944.MOV
[589/821] Compressing Home\46. Box\MVI_4945.MOV
[590/821] Compressing Home\46. Box\MVI_4946.MOV
[591/821] Compressing Home\46. Box\MVI_8842.MP4
[592/821] Compressing Home\46. Box\MVI_8843.MP4
[593/821] Compressing Home\46. Box\MVI_8844.MP4
[594/821] Compressing Home\46. Box\MVI_8845.MP4
[595/821] Compressing Home\46. Box\MVI_9076.MP4
[596/821] Compressing Home\46. Box\MVI_9077.MP4
[597/821] Compressing Home\46. Box\MVI_9078.MP4
[598/821] Compressing Home\47. Gift\MVI_4441.MOV
[599/821] Compressing Home\47. Gift\MVI_4442.MOV
[600/821] Compressing Home\47. Gift\MVI_4443.MOV
[601/821] Compressing Home\47. Gift\MVI_4444.MOV
[602/821] Compressing Home\47. Gift\MVI_4947.MOV
[603/821] Compressing Home\47. Gift\MVI_4948.MOV
[604/821] Compressing Home\47. Gift\MVI_4949.MOV
[605/821] Compressing Home\47. Gift\MVI_8846.MP4
[606/821] Compressing Home\47. Gift\MVI_8847.MP4
[607/821] Compressing Home\47. Gift\MVI_8848.MP4
[608/821] Compressing Home\47. Gift\MVI_8849.MP4
[609/821] Compressing Home\47. Gift\MVI_9079.MP4
[610/821] Compressing Home\47. Gift\MVI_9080.MP4
[611/821] Compressing Home\47. Gift\MVI_9081.MP4
[612/821] Compressing Home\48. Card\MVI_4445.MOV
[613/821] Compressing Home\48. Card\MVI_4446.MOV
[614/821] Compressing Home\48. Card\MVI_4447.MOV
[615/821] Compressing Home\48. Card\MVI_4448.MOV
[616/821] Compressing Home\48. Card\MVI_4950.MOV
[617/821] Compressing Home\48. Card\MVI_4951.MOV
[618/821] Compressing Home\48. Card\MVI_4952.MOV
[619/821] Compressing Home\48. Card\MVI_8851.MP4
[620/821] Compressing Home\48. Card\MVI_8852.MP4
[621/821] Compressing Home\48. Card\MVI_8853.MP4
[622/821] Compressing Home\48. Card\MVI_8854.MP4
[623/821] Compressing Home\48. Card\MVI_9082.MP4
[624/821] Compressing Home\48. Card\MVI_9083.MP4
[625/821] Compressing Home\48. Card\MVI_9084.MP4
[626/821] Compressing Home\49. Ring\MVI_4449.MOV
[627/821] Compressing Home\49. Ring\MVI_4450.MOV
[628/821] Compressing Home\49. Ring\MVI_4451.MOV
[629/821] Compressing Home\49. Ring\MVI_4452.MOV
[630/821] Compressing Home\49. Ring\MVI_4953.MOV
[631/821] Compressing Home\49. Ring\MVI_4954.MOV
[632/821] Compressing Home\49. Ring\MVI_4955.MOV
[633/821] Compressing Home\49. Ring\MVI_8856.MP4
[634/821] Compressing Home\49. Ring\MVI_8857.MP4
[635/821] Compressing Home\49. Ring\MVI_8858.MP4
[636/821] Compressing Home\49. Ring\MVI_8859.MP4
[637/821] Compressing Home\49. Ring\MVI_9085.MP4
[638/821] Compressing Home\49. Ring\MVI_9086.MP4
[639/821] Compressing Home\49. Ring\MVI_9087.MP4
[640/821] Compressing Home\50. Tool\MVI_4453.MOV
[641/821] Compressing Home\50. Tool\MVI_4454.MOV
[642/821] Compressing Home\50. Tool\MVI_4455.MOV
[643/821] Compressing Home\50. Tool\MVI_4456.MOV
[644/821] Compressing Home\50. Tool\MVI_4956.MOV
[645/821] Compressing Home\50. Tool\MVI_4957.MOV
[646/821] Compressing Home\50. Tool\MVI_4958.MOV
[647/821] Compressing Home\50. Tool\MVI_8860.MP4
[648/821] Compressing Home\50. Tool\MVI_8861.MP4
[649/821] Compressing Home\50. Tool\MVI_8862.MP4
[650/821] Compressing Home\50. Tool\MVI_8863.MP4
[651/821] Compressing Home\50. Tool\MVI_9088.MP4
[652/821] Compressing Home\50. Tool\MVI_9089.MP4
[653/821] Compressing Home\50. Tool\MVI_9090.MP4
[654/821] Compressing Pronouns\40. I\MVI_0001.MOV
[655/821] Compressing Pronouns\40. I\MVI_0002.MOV
[656/821] Compressing Pronouns\40. I\MVI_0003.MOV
[657/821] Compressing Pronouns\40. I\MVI_0012.MOV
[658/821] Compressing Pronouns\40. I\MVI_0013.MOV
[659/821] Compressing Pronouns\40. I\MVI_0014.MOV
[660/821] Compressing Pronouns\40. I\MVI_0064.MOV
[661/821] Compressing Pronouns\40. I\MVI_0065.MOV
[662/821] Compressing Pronouns\40. I\MVI_0066.MOV
[663/821] Compressing Pronouns\40. I\MVI_9878.MOV
[664/821] Compressing Pronouns\40. I\MVI_9879.MOV
[665/821] Compressing Pronouns\40. I\MVI_9880.MOV
[666/821] Compressing Pronouns\40. I\MVI_9881.MOV
[667/821] Compressing Pronouns\40. I\MVI_9918.MOV
[668/821] Compressing Pronouns\40. I\MVI_9919.MOV
[669/821] Compressing Pronouns\40. I\MVI_9920.MOV
[670/821] Compressing Pronouns\40. I\MVI_9922.MOV
[671/821] Compressing Pronouns\40. I\MVI_9957.MOV
[672/821] Compressing Pronouns\40. I\MVI_9958.MOV
[673/821] Compressing Pronouns\40. I\MVI_9959.MOV
[674/821] Compressing Pronouns\40. I\MVI_9995.MOV
[675/821] Compressing Pronouns\41. you\MVI_0015.MOV
[676/821] Compressing Pronouns\41. you\MVI_0016.MOV
[677/821] Compressing Pronouns\41. you\MVI_0017.MOV
[678/821] Compressing Pronouns\41. you\MVI_0067.MOV
[679/821] Compressing Pronouns\41. you\MVI_0068.MOV
[680/821] Compressing Pronouns\41. you\MVI_0069.MOV
[681/821] Compressing Pronouns\41. you\MVI_9885.MOV
[682/821] Compressing Pronouns\41. you\MVI_9886.MOV
[683/821] Compressing Pronouns\41. you\MVI_9887.MOV
[684/821] Compressing Pronouns\41. you\MVI_9888.MOV
[685/821] Compressing Pronouns\41. you\MVI_9923.MOV
[686/821] Compressing Pronouns\41. you\MVI_9924.MOV
[687/821] Compressing Pronouns\41. you\MVI_9925.MOV
[688/821] Compressing Pronouns\41. you\MVI_9926.MOV
[689/821] Compressing Pronouns\41. you\MVI_9960.MOV
[690/821] Compressing Pronouns\41. you\MVI_9961.MOV
[691/821] Compressing Pronouns\41. you\MVI_9962.MOV
[692/821] Compressing Pronouns\41. you\MVI_9996.MOV
[693/821] Compressing Pronouns\41. you\MVI_9997.MOV
[694/821] Compressing Pronouns\41. you\MVI_9998.MOV
[695/821] Compressing Pronouns\41. you\MVI_9999.MOV
[696/821] Compressing Pronouns\42. he\MVI_0005.MOV
[697/821] Compressing Pronouns\42. he\MVI_0006.MOV
[698/821] Compressing Pronouns\42. he\MVI_0007.MOV
[699/821] Compressing Pronouns\42. he\MVI_0008.MOV
[700/821] Compressing Pronouns\42. he\MVI_0018.MOV
[701/821] Compressing Pronouns\42. he\MVI_0019.MOV
[702/821] Compressing Pronouns\42. he\MVI_0020.MOV
[703/821] Compressing Pronouns\42. he\MVI_0070.MOV
[704/821] Compressing Pronouns\42. he\MVI_0071.MOV
[705/821] Compressing Pronouns\42. he\MVI_0072.MOV
[706/821] Compressing Pronouns\42. he\MVI_9889.MOV
[707/821] Compressing Pronouns\42. he\MVI_9890.MOV
[708/821] Compressing Pronouns\42. he\MVI_9891.MOV
[709/821] Compressing Pronouns\42. he\MVI_9892.MOV
[710/821] Compressing Pronouns\42. he\MVI_9927.MOV
[711/821] Compressing Pronouns\42. he\MVI_9928.MOV
[712/821] Compressing Pronouns\42. he\MVI_9930.MOV
[713/821] Compressing Pronouns\42. he\MVI_9931.MOV
[714/821] Compressing Pronouns\42. he\MVI_9963.MOV
[715/821] Compressing Pronouns\42. he\MVI_9964.MOV
[716/821] Compressing Pronouns\42. he\MVI_9965.MOV
[717/821] Compressing Pronouns\43. she\MVI_0009.MOV
[718/821] Compressing Pronouns\43. she\MVI_0010.MOV
[719/821] Compressing Pronouns\43. she\MVI_0011.MOV
[720/821] Compressing Pronouns\43. she\MVI_0012.MOV
[721/821] Compressing Pronouns\43. she\MVI_0021.MOV
[722/821] Compressing Pronouns\43. she\MVI_0022.MOV
[723/821] Compressing Pronouns\43. she\MVI_0023.MOV
[724/821] Compressing Pronouns\43. she\MVI_0073.MOV
[725/821] Compressing Pronouns\43. she\MVI_0074.MOV
[726/821] Compressing Pronouns\43. she\MVI_0075.MOV
[727/821] Compressing Pronouns\43. she\MVI_9893.MOV
[728/821] Compressing Pronouns\43. she\MVI_9894.MOV
[729/821] Compressing Pronouns\43. she\MVI_9895.MOV
[730/821] Compressing Pronouns\43. she\MVI_9896.MOV
[731/821] Compressing Pronouns\43. she\MVI_9932.MOV
[732/821] Compressing Pronouns\43. she\MVI_9933.MOV
[733/821] Compressing Pronouns\43. she\MVI_9934.MOV
[734/821] Compressing Pronouns\43. she\MVI_9935.MOV
[735/821] Compressing Pronouns\43. she\MVI_9966.MOV
[736/821] Compressing Pronouns\43. she\MVI_9967.MOV
[737/821] Compressing Pronouns\43. she\MVI_9968.MOV
[738/821] Compressing Pronouns\44. it\MVI_0013.MOV
[739/821] Compressing Pronouns\44. it\MVI_0014.MOV
[740/821] Compressing Pronouns\44. it\MVI_0015.MOV
[741/821] Compressing Pronouns\44. it\MVI_0016.MOV
[742/821] Compressing Pronouns\44. it\MVI_0024.MOV
[743/821] Compressing Pronouns\44. it\MVI_0025.MOV
[744/821] Compressing Pronouns\44. it\MVI_0026.MOV
[745/821] Compressing Pronouns\44. it\MVI_0076.MOV
[746/821] Compressing Pronouns\44. it\MVI_0077.MOV
[747/821] Compressing Pronouns\44. it\MVI_0078.MOV
[748/821] Compressing Pronouns\44. it\MVI_9897.MOV
[749/821] Compressing Pronouns\44. it\MVI_9898.MOV
[750/821] Compressing Pronouns\44. it\MVI_9899.MOV
[751/821] Compressing Pronouns\44. it\MVI_9900.MOV
[752/821] Compressing Pronouns\44. it\MVI_9936.MOV
[753/821] Compressing Pronouns\44. it\MVI_9937.MOV
[754/821] Compressing Pronouns\44. it\MVI_9938.MOV
[755/821] Compressing Pronouns\44. it\MVI_9939.MOV
[756/821] Compressing Pronouns\44. it\MVI_9969.MOV
[757/821] Compressing Pronouns\44. it\MVI_9970.MOV
[758/821] Compressing Pronouns\44. it\MVI_9971.MOV
[759/821] Compressing Pronouns\45. we\MVI_0017.MOV
[760/821] Compressing Pronouns\45. we\MVI_0018.MOV
[761/821] Compressing Pronouns\45. we\MVI_0019.MOV
[762/821] Compressing Pronouns\45. we\MVI_0020.MOV
[763/821] Compressing Pronouns\45. we\MVI_0027.MOV
[764/821] Compressing Pronouns\45. we\MVI_0028.MOV
[765/821] Compressing Pronouns\45. we\MVI_0029.MOV
[766/821] Compressing Pronouns\45. we\MVI_0079.MOV
[767/821] Compressing Pronouns\45. we\MVI_0080.MOV
[768/821] Compressing Pronouns\45. we\MVI_0081.MOV
[769/821] Compressing Pronouns\45. we\MVI_9901.MOV
[770/821] Compressing Pronouns\45. we\MVI_9902.MOV
[771/821] Compressing Pronouns\45. we\MVI_9903.MOV
[772/821] Compressing Pronouns\45. we\MVI_9904.MOV
[773/821] Compressing Pronouns\45. we\MVI_9940.MOV
[774/821] Compressing Pronouns\45. we\MVI_9941.MOV
[775/821] Compressing Pronouns\45. we\MVI_9942.MOV
[776/821] Compressing Pronouns\45. we\MVI_9943.MOV
[777/821] Compressing Pronouns\45. we\MVI_9972.MOV
[778/821] Compressing Pronouns\45. we\MVI_9973.MOV
[779/821] Compressing Pronouns\45. we\MVI_9974.MOV
[780/821] Compressing Pronouns\46. you (plural)\MVI_0021.MOV
[781/821] Compressing Pronouns\46. you (plural)\MVI_0022.MOV
[782/821] Compressing Pronouns\46. you (plural)\MVI_0023.MOV
[783/821] Compressing Pronouns\46. you (plural)\MVI_0024.MOV
[784/821] Compressing Pronouns\46. you (plural)\MVI_0030.MOV
[785/821] Compressing Pronouns\46. you (plural)\MVI_0031.MOV
[786/821] Compressing Pronouns\46. you (plural)\MVI_0032.MOV
[787/821] Compressing Pronouns\46. you (plural)\MVI_0082.MOV
[788/821] Compressing Pronouns\46. you (plural)\MVI_0083.MOV
[789/821] Compressing Pronouns\46. you (plural)\MVI_0084.MOV
[790/821] Compressing Pronouns\46. you (plural)\MVI_9905.MOV
[791/821] Compressing Pronouns\46. you (plural)\MVI_9907.MOV
[792/821] Compressing Pronouns\46. you (plural)\MVI_9908.MOV
[793/821] Compressing Pronouns\46. you (plural)\MVI_9909.MOV
[794/821] Compressing Pronouns\46. you (plural)\MVI_9945.MOV
[795/821] Compressing Pronouns\46. you (plural)\MVI_9946.MOV
[796/821] Compressing Pronouns\46. you (plural)\MVI_9947.MOV
[797/821] Compressing Pronouns\46. you (plural)\MVI_9948.MOV
[798/821] Compressing Pronouns\46. you (plural)\MVI_9975.MOV
[799/821] Compressing Pronouns\46. you (plural)\MVI_9976.MOV
[800/821] Compressing Pronouns\46. you (plural)\MVI_9977.MOV
[801/821] Compressing Pronouns\47. they\MVI_0025.MOV
[802/821] Compressing Pronouns\47. they\MVI_0026.MOV
[803/821] Compressing Pronouns\47. they\MVI_0027.MOV
[804/821] Compressing Pronouns\47. they\MVI_0028.MOV
[805/821] Compressing Pronouns\47. they\MVI_0033.MOV
[806/821] Compressing Pronouns\47. they\MVI_0034.MOV
[807/821] Compressing Pronouns\47. they\MVI_0035.MOV
[808/821] Compressing Pronouns\47. they\MVI_0085.MOV
[809/821] Compressing Pronouns\47. they\MVI_0087.MOV
[810/821] Compressing Pronouns\47. they\MVI_0088.MOV
[811/821] Compressing Pronouns\47. they\MVI_9910.MOV
[812/821] Compressing Pronouns\47. they\MVI_9911.MOV
[813/821] Compressing Pronouns\47. they\MVI_9912.MOV
[814/821] Compressing Pronouns\47. they\MVI_9913.MOV
[815/821] Compressing Pronouns\47. they\MVI_9950.MOV
[816/821] Compressing Pronouns\47. they\MVI_9951.MOV
[817/821] Compressing Pronouns\47. they\MVI_9952.MOV
[818/821] Compressing Pronouns\47. they\MVI_9953.MOV
[819/821] Compressing Pronouns\47. they\MVI_9979.MOV
[820/821] Compressing Pronouns\47. they\MVI_9980.MOV
[821/821] Compressing Pronouns\47. they\MVI_9981.MOV
Recovered 821/821 existing raw videos.
Extracting Adjectives_3of8.zip ...
[1/104] Already compressed Adjectives\23. high\MVI_9654.MOV
[2/104] Already compressed Adjectives\23. high\MVI_9655.MOV
[3/104] Already compressed Adjectives\23. high\MVI_9656.MOV
[4/104] Already compressed Adjectives\23. high\MVI_9657.MOV
[5/104] Already compressed Adjectives\23. high\MVI_9780.MOV
[6/104] Already compressed Adjectives\23. high\MVI_9781.MOV
[7/104] Already compressed Adjectives\23. high\MVI_9782.MOV
[8/104] Already compressed Adjectives\23. high\MVI_9783.MOV
[9/104] Already compressed Adjectives\24. low\MVI_9658.MOV
[10/104] Already compressed Adjectives\24. low\MVI_9659.MOV
[11/104] Already compressed Adjectives\24. low\MVI_9660.MOV
[12/104] Already compressed Adjectives\24. low\MVI_9661.MOV
[13/104] Already compressed Adjectives\24. low\MVI_9784.MOV
[14/104] Already compressed Adjectives\24. low\MVI_9785.MOV
[15/104] Already compressed Adjectives\24. low\MVI_9786.MOV
[16/104] Already compressed Adjectives\24. low\MVI_9787.MOV
[17/104] Already compressed Adjectives\25. soft\MVI_9662.MOV
[18/104] Already compressed Adjectives\25. soft\MVI_9663.MOV
[19/104] Already compressed Adjectives\25. soft\MVI_9664.MOV
[20/104] Already compressed Adjectives\25. soft\MVI_9665.MOV
[21/104] Already compressed Adjectives\25. soft\MVI_9789.MOV
[22/104] Already compressed Adjectives\25. soft\MVI_9790.MOV
[23/104] Already compressed Adjectives\25. soft\MVI_9791.MOV
[24/104] Already compressed Adjectives\25. soft\MVI_9792.MOV
[25/104] Already compressed Adjectives\26. hard\MVI_9666.MOV
[26/104] Already compressed Adjectives\26. hard\MVI_9667.MOV
[27/104] Already compressed Adjectives\26. hard\MVI_9668.MOV
[28/104] Already compressed Adjectives\26. hard\MVI_9669.MOV
[29/104] Already compressed Adjectives\26. hard\MVI_9793.MOV
[30/104] Already compressed Adjectives\26. hard\MVI_9794.MOV
[31/104] Already compressed Adjectives\26. hard\MVI_9795.MOV
[32/104] Already compressed Adjectives\26. hard\MVI_9796.MOV
[33/104] Already compressed Adjectives\27. deep\MVI_9670.MOV
[34/104] Already compressed Adjectives\27. deep\MVI_9671.MOV
[35/104] Already compressed Adjectives\27. deep\MVI_9672.MOV
[36/104] Already compressed Adjectives\27. deep\MVI_9673.MOV
[37/104] Already compressed Adjectives\27. deep\MVI_9797.MOV
[38/104] Already compressed Adjectives\27. deep\MVI_9798.MOV
[39/104] Already compressed Adjectives\27. deep\MVI_9799.MOV
[40/104] Already compressed Adjectives\27. deep\MVI_9800.MOV
[41/104] Already compressed Adjectives\28. shallow\MVI_9674.MOV
[42/104] Already compressed Adjectives\28. shallow\MVI_9675.MOV
[43/104] Already compressed Adjectives\28. shallow\MVI_9676.MOV
[44/104] Already compressed Adjectives\28. shallow\MVI_9677.MOV
[45/104] Already compressed Adjectives\28. shallow\MVI_9801.MOV
[46/104] Already compressed Adjectives\28. shallow\MVI_9802.MOV
[47/104] Already compressed Adjectives\28. shallow\MVI_9803.MOV
[48/104] Already compressed Adjectives\28. shallow\MVI_9804.MOV
[49/104] Already compressed Adjectives\29. clean\MVI_9679.MOV
[50/104] Already compressed Adjectives\29. clean\MVI_9680.MOV
[51/104] Already compressed Adjectives\29. clean\MVI_9681.MOV
[52/104] Already compressed Adjectives\29. clean\MVI_9682.MOV
[53/104] Already compressed Adjectives\29. clean\MVI_9806.MOV
[54/104] Already compressed Adjectives\29. clean\MVI_9807.MOV
[55/104] Already compressed Adjectives\29. clean\MVI_9808.MOV
[56/104] Already compressed Adjectives\29. clean\MVI_9809.MOV
[57/104] Already compressed Adjectives\30. dirty\MVI_9684.MOV
[58/104] Already compressed Adjectives\30. dirty\MVI_9685.MOV
[59/104] Already compressed Adjectives\30. dirty\MVI_9686.MOV
[60/104] Already compressed Adjectives\30. dirty\MVI_9687.MOV
[61/104] Already compressed Adjectives\30. dirty\MVI_9810.MOV
[62/104] Already compressed Adjectives\30. dirty\MVI_9811.MOV
[63/104] Already compressed Adjectives\30. dirty\MVI_9812.MOV
[64/104] Already compressed Adjectives\30. dirty\MVI_9813.MOV
[65/104] Already compressed Adjectives\31. strong\MVI_9690.MOV
[66/104] Already compressed Adjectives\31. strong\MVI_9691.MOV
[67/104] Already compressed Adjectives\31. strong\MVI_9692.MOV
[68/104] Already compressed Adjectives\31. strong\MVI_9693.MOV
[69/104] Already compressed Adjectives\31. strong\MVI_9814.MOV
[70/104] Already compressed Adjectives\31. strong\MVI_9815.MOV
[71/104] Already compressed Adjectives\31. strong\MVI_9816.MOV
[72/104] Already compressed Adjectives\31. strong\MVI_9817.MOV
[73/104] Already compressed Adjectives\32. weak\MVI_9694.MOV
[74/104] Already compressed Adjectives\32. weak\MVI_9695.MOV
[75/104] Already compressed Adjectives\32. weak\MVI_9696.MOV
[76/104] Already compressed Adjectives\32. weak\MVI_9697.MOV
[77/104] Already compressed Adjectives\32. weak\MVI_9818.MOV
[78/104] Already compressed Adjectives\32. weak\MVI_9819.MOV
[79/104] Already compressed Adjectives\32. weak\MVI_9820.MOV
[80/104] Already compressed Adjectives\32. weak\MVI_9821.MOV
[81/104] Already compressed Adjectives\33. dead\MVI_9699.MOV
[82/104] Already compressed Adjectives\33. dead\MVI_9700.MOV
[83/104] Already compressed Adjectives\33. dead\MVI_9701.MOV
[84/104] Already compressed Adjectives\33. dead\MVI_9702.MOV
[85/104] Already compressed Adjectives\33. dead\MVI_9823.MOV
[86/104] Already compressed Adjectives\33. dead\MVI_9824.MOV
[87/104] Already compressed Adjectives\33. dead\MVI_9825.MOV
[88/104] Already compressed Adjectives\33. dead\MVI_9826.MOV
[89/104] Already compressed Adjectives\34. alive\MVI_9703.MOV
[90/104] Already compressed Adjectives\34. alive\MVI_9704.MOV
[91/104] Already compressed Adjectives\34. alive\MVI_9705.MOV
[92/104] Already compressed Adjectives\34. alive\MVI_9706.MOV
[93/104] Already compressed Adjectives\34. alive\MVI_9827.MOV
[94/104] Already compressed Adjectives\34. alive\MVI_9828.MOV
[95/104] Already compressed Adjectives\34. alive\MVI_9829.MOV
[96/104] Already compressed Adjectives\34. alive\MVI_9830.MOV
[97/104] Already compressed Adjectives\35. heavy\MVI_9707.MOV
[98/104] Already compressed Adjectives\35. heavy\MVI_9708.MOV
[99/104] Already compressed Adjectives\35. heavy\MVI_9709.MOV
[100/104] Already compressed Adjectives\35. heavy\MVI_9710.MOV
[101/104] Already compressed Adjectives\35. heavy\MVI_9831.MOV
[102/104] Already compressed Adjectives\35. heavy\MVI_9832.MOV
[103/104] Already compressed Adjectives\35. heavy\MVI_9833.MOV
[104/104] Already compressed Adjectives\35. heavy\MVI_9834.MOV
Finished archive Adjectives_3of8.zip: compressed 104/104 videos.
Extracting Adjectives_4of8.zip ...
[1/101] Already compressed Adjectives\36. light\MVI_9711.MOV
[2/101] Already compressed Adjectives\36. light\MVI_9712.MOV
[3/101] Already compressed Adjectives\36. light\MVI_9713.MOV
[4/101] Already compressed Adjectives\36. light\MVI_9714.MOV
[5/101] Already compressed Adjectives\36. light\MVI_9835.MOV
[6/101] Already compressed Adjectives\36. light\MVI_9836.MOV
[7/101] Already compressed Adjectives\36. light\MVI_9837.MOV
[8/101] Already compressed Adjectives\36. light\MVI_9838.MOV
[9/101] Already compressed Adjectives\39. famous\MVI_9715.MOV
[10/101] Already compressed Adjectives\39. famous\MVI_9716.MOV
[11/101] Already compressed Adjectives\39. famous\MVI_9717.MOV
[12/101] Already compressed Adjectives\39. famous\MVI_9718.MOV
[13/101] Already compressed Adjectives\39. famous\MVI_9839.MOV
[14/101] Already compressed Adjectives\39. famous\MVI_9841.MOV
[15/101] Already compressed Adjectives\39. famous\MVI_9842.MOV
[16/101] Already compressed Adjectives\39. famous\MVI_9843.MOV
[17/101] Already compressed Adjectives\78. long\MVI_5106.MOV
[18/101] Already compressed Adjectives\78. long\MVI_5107.MOV
[19/101] Already compressed Adjectives\78. long\MVI_5108.MOV
[20/101] Already compressed Adjectives\78. long\MVI_5186.MOV
[21/101] Already compressed Adjectives\78. long\MVI_5187.MOV
[22/101] Already compressed Adjectives\78. long\MVI_5188.MOV
[23/101] Already compressed Adjectives\78. long\MVI_5266.MOV
[24/101] Already compressed Adjectives\78. long\MVI_5267.MOV
[25/101] Already compressed Adjectives\78. long\MVI_5268.MOV
[26/101] Already compressed Adjectives\78. long\MVI_9217.MOV
[27/101] Already compressed Adjectives\78. long\MVI_9218.MOV
[28/101] Already compressed Adjectives\78. long\MVI_9219.MOV
[29/101] Already compressed Adjectives\78. long\MVI_9298.MOV
[30/101] Already compressed Adjectives\78. long\MVI_9299.MOV
[31/101] Already compressed Adjectives\78. long\MVI_9300.MOV
[32/101] Already compressed Adjectives\78. long\MVI_9377.MOV
[33/101] Already compressed Adjectives\78. long\MVI_9378.MOV
[34/101] Already compressed Adjectives\78. long\MVI_9379.MOV
[35/101] Already compressed Adjectives\78. long\MVI_9458.MOV
[36/101] Already compressed Adjectives\78. long\MVI_9459.MOV
[37/101] Already compressed Adjectives\78. long\MVI_9460.MOV
[38/101] Already compressed Adjectives\79. short\extra\MVI_5192.MOV
[39/101] Already compressed Adjectives\79. short\MVI_5110.MOV
[40/101] Already compressed Adjectives\79. short\MVI_5111.MOV
[41/101] Already compressed Adjectives\79. short\MVI_5112.MOV
[42/101] Already compressed Adjectives\79. short\MVI_5189.MOV
[43/101] Already compressed Adjectives\79. short\MVI_5190.MOV
[44/101] Already compressed Adjectives\79. short\MVI_5191.MOV
[45/101] Already compressed Adjectives\79. short\MVI_5269.MOV
[46/101] Already compressed Adjectives\79. short\MVI_5270.MOV
[47/101] Already compressed Adjectives\79. short\MVI_5271.MOV
[48/101] Already compressed Adjectives\79. short\MVI_9220.MOV
[49/101] Already compressed Adjectives\79. short\MVI_9221.MOV
[50/101] Already compressed Adjectives\79. short\MVI_9222.MOV
[51/101] Already compressed Adjectives\79. short\MVI_9301.MOV
[52/101] Already compressed Adjectives\79. short\MVI_9302.MOV
[53/101] Already compressed Adjectives\79. short\MVI_9303.MOV
[54/101] Already compressed Adjectives\79. short\MVI_9380.MOV
[55/101] Already compressed Adjectives\79. short\MVI_9381.MOV
[56/101] Already compressed Adjectives\79. short\MVI_9382.MOV
[57/101] Already compressed Adjectives\79. short\MVI_9461.MOV
[58/101] Already compressed Adjectives\79. short\MVI_9462.MOV
[59/101] Already compressed Adjectives\79. short\MVI_9463.MOV
[60/101] Already compressed Adjectives\80. tall\MVI_5114.MOV
[61/101] Already compressed Adjectives\80. tall\MVI_5115.MOV
[62/101] Already compressed Adjectives\80. tall\MVI_5116.MOV
[63/101] Already compressed Adjectives\80. tall\MVI_5194.MOV
[64/101] Already compressed Adjectives\80. tall\MVI_5195.MOV
[65/101] Already compressed Adjectives\80. tall\MVI_5196.MOV
[66/101] Already compressed Adjectives\80. tall\MVI_5273.MOV
[67/101] Already compressed Adjectives\80. tall\MVI_5274.MOV
[68/101] Already compressed Adjectives\80. tall\MVI_5276.MOV
[69/101] Already compressed Adjectives\80. tall\MVI_9223.MOV
[70/101] Already compressed Adjectives\80. tall\MVI_9224.MOV
[71/101] Already compressed Adjectives\80. tall\MVI_9225.MOV
[72/101] Already compressed Adjectives\80. tall\MVI_9307.MOV
[73/101] Already compressed Adjectives\80. tall\MVI_9308.MOV
[74/101] Already compressed Adjectives\80. tall\MVI_9309.MOV
[75/101] Already compressed Adjectives\80. tall\MVI_9384.MOV
[76/101] Already compressed Adjectives\80. tall\MVI_9386.MOV
[77/101] Already compressed Adjectives\80. tall\MVI_9387.MOV
[78/101] Already compressed Adjectives\80. tall\MVI_9464.MOV
[79/101] Already compressed Adjectives\80. tall\MVI_9465.MOV
[80/101] Already compressed Adjectives\80. tall\MVI_9466.MOV
[81/101] Already compressed Adjectives\81. wide\MVI_5117.MOV
[82/101] Already compressed Adjectives\81. wide\MVI_5118.MOV
[83/101] Already compressed Adjectives\81. wide\MVI_5119.MOV
[84/101] Already compressed Adjectives\81. wide\MVI_5197.MOV
[85/101] Already compressed Adjectives\81. wide\MVI_5198.MOV
[86/101] Already compressed Adjectives\81. wide\MVI_5199.MOV
[87/101] Already compressed Adjectives\81. wide\MVI_5277.MOV
[88/101] Already compressed Adjectives\81. wide\MVI_5278.MOV
[89/101] Already compressed Adjectives\81. wide\MVI_5279.MOV
[90/101] Already compressed Adjectives\81. wide\MVI_9227.MOV
[91/101] Already compressed Adjectives\81. wide\MVI_9228.MOV
[92/101] Already compressed Adjectives\81. wide\MVI_9229.MOV
[93/101] Already compressed Adjectives\81. wide\MVI_9310.MOV
[94/101] Already compressed Adjectives\81. wide\MVI_9311.MOV
[95/101] Already compressed Adjectives\81. wide\MVI_9312.MOV
[96/101] Already compressed Adjectives\81. wide\MVI_9388.MOV
[97/101] Already compressed Adjectives\81. wide\MVI_9389.MOV
[98/101] Already compressed Adjectives\81. wide\MVI_9390.MOV
[99/101] Already compressed Adjectives\81. wide\MVI_9467.MOV
[100/101] Already compressed Adjectives\81. wide\MVI_9468.MOV
[101/101] Already compressed Adjectives\81. wide\MVI_9469.MOV
Finished archive Adjectives_4of8.zip: compressed 101/101 videos.
Extracting Adjectives_5of8.zip ...
[1/106] Already compressed Adjectives\82. narrow\MVI_5120.MOV
[2/106] Already compressed Adjectives\82. narrow\MVI_5121.MOV
[3/106] Already compressed Adjectives\82. narrow\MVI_5122.MOV
[4/106] Already compressed Adjectives\82. narrow\MVI_5200.MOV
[5/106] Already compressed Adjectives\82. narrow\MVI_5201.MOV
[6/106] Already compressed Adjectives\82. narrow\MVI_5202.MOV
[7/106] Already compressed Adjectives\82. narrow\MVI_5280.MOV
[8/106] Already compressed Adjectives\82. narrow\MVI_5281.MOV
[9/106] Already compressed Adjectives\82. narrow\MVI_5282.MOV
[10/106] Already compressed Adjectives\82. narrow\MVI_9230.MOV
[11/106] Already compressed Adjectives\82. narrow\MVI_9231.MOV
[12/106] Already compressed Adjectives\82. narrow\MVI_9232.MOV
[13/106] Already compressed Adjectives\82. narrow\MVI_9313.MOV
[14/106] Already compressed Adjectives\82. narrow\MVI_9314.MOV
[15/106] Already compressed Adjectives\82. narrow\MVI_9315.MOV
[16/106] Already compressed Adjectives\82. narrow\MVI_9391.MOV
[17/106] Already compressed Adjectives\82. narrow\MVI_9392.MOV
[18/106] Already compressed Adjectives\82. narrow\MVI_9393.MOV
[19/106] Already compressed Adjectives\82. narrow\MVI_9471.MOV
[20/106] Already compressed Adjectives\82. narrow\MVI_9472.MOV
[21/106] Already compressed Adjectives\82. narrow\MVI_9474.MOV
[22/106] Already compressed Adjectives\83. big large\MVI_5123.MOV
[23/106] Already compressed Adjectives\83. big large\MVI_5124.MOV
[24/106] Already compressed Adjectives\83. big large\MVI_5125.MOV
[25/106] Already compressed Adjectives\83. big large\MVI_5203.MOV
[26/106] Already compressed Adjectives\83. big large\MVI_5204.MOV
[27/106] Already compressed Adjectives\83. big large\MVI_5205.MOV
[28/106] Already compressed Adjectives\83. big large\MVI_5283.MOV
[29/106] Already compressed Adjectives\83. big large\MVI_5284.MOV
[30/106] Already compressed Adjectives\83. big large\MVI_5285.MOV
[31/106] Already compressed Adjectives\83. big large\MVI_9233.MOV
[32/106] Already compressed Adjectives\83. big large\MVI_9234.MOV
[33/106] Already compressed Adjectives\83. big large\MVI_9235.MOV
[34/106] Already compressed Adjectives\83. big large\MVI_9316.MOV
[35/106] Already compressed Adjectives\83. big large\MVI_9317.MOV
[36/106] Already compressed Adjectives\83. big large\MVI_9318.MOV
[37/106] Already compressed Adjectives\83. big large\MVI_9394.MOV
[38/106] Already compressed Adjectives\83. big large\MVI_9395.MOV
[39/106] Already compressed Adjectives\83. big large\MVI_9396.MOV
[40/106] Already compressed Adjectives\83. big large\MVI_9475.MOV
[41/106] Already compressed Adjectives\83. big large\MVI_9476.MOV
[42/106] Already compressed Adjectives\83. big large\MVI_9477.MOV
[43/106] Already compressed Adjectives\84. small little\extra\MVI_5209.MOV
[44/106] Already compressed Adjectives\84. small little\MVI_5126.MOV
[45/106] Already compressed Adjectives\84. small little\MVI_5127.MOV
[46/106] Already compressed Adjectives\84. small little\MVI_5128.MOV
[47/106] Already compressed Adjectives\84. small little\MVI_5206.MOV
[48/106] Already compressed Adjectives\84. small little\MVI_5207.MOV
[49/106] Already compressed Adjectives\84. small little\MVI_5208.MOV
[50/106] Already compressed Adjectives\84. small little\MVI_5286.MOV
[51/106] Already compressed Adjectives\84. small little\MVI_5287.MOV
[52/106] Already compressed Adjectives\84. small little\MVI_5288.MOV
[53/106] Already compressed Adjectives\84. small little\MVI_9236.MOV
[54/106] Already compressed Adjectives\84. small little\MVI_9237.MOV
[55/106] Already compressed Adjectives\84. small little\MVI_9238.MOV
[56/106] Already compressed Adjectives\84. small little\MVI_9319.MOV
[57/106] Already compressed Adjectives\84. small little\MVI_9320.MOV
[58/106] Already compressed Adjectives\84. small little\MVI_9321.MOV
[59/106] Already compressed Adjectives\84. small little\MVI_9397.MOV
[60/106] Already compressed Adjectives\84. small little\MVI_9398.MOV
[61/106] Already compressed Adjectives\84. small little\MVI_9400.MOV
[62/106] Already compressed Adjectives\84. small little\MVI_9478.MOV
[63/106] Already compressed Adjectives\84. small little\MVI_9479.MOV
[64/106] Already compressed Adjectives\84. small little\MVI_9480.MOV
[65/106] Already compressed Adjectives\85. slow\MVI_5130.MOV
[66/106] Already compressed Adjectives\85. slow\MVI_5131.MOV
[67/106] Already compressed Adjectives\85. slow\MVI_5132.MOV
[68/106] Already compressed Adjectives\85. slow\MVI_5210.MOV
[69/106] Already compressed Adjectives\85. slow\MVI_5211.MOV
[70/106] Already compressed Adjectives\85. slow\MVI_5212.MOV
[71/106] Already compressed Adjectives\85. slow\MVI_5289.MOV
[72/106] Already compressed Adjectives\85. slow\MVI_5290.MOV
[73/106] Already compressed Adjectives\85. slow\MVI_5291.MOV
[74/106] Already compressed Adjectives\85. slow\MVI_9240.MOV
[75/106] Already compressed Adjectives\85. slow\MVI_9242.MOV
[76/106] Already compressed Adjectives\85. slow\MVI_9243.MOV
[77/106] Already compressed Adjectives\85. slow\MVI_9322.MOV
[78/106] Already compressed Adjectives\85. slow\MVI_9323.MOV
[79/106] Already compressed Adjectives\85. slow\MVI_9324.MOV
[80/106] Already compressed Adjectives\85. slow\MVI_9402.MOV
[81/106] Already compressed Adjectives\85. slow\MVI_9403.MOV
[82/106] Already compressed Adjectives\85. slow\MVI_9404.MOV
[83/106] Already compressed Adjectives\85. slow\MVI_9481.MOV
[84/106] Already compressed Adjectives\85. slow\MVI_9482.MOV
[85/106] Already compressed Adjectives\85. slow\MVI_9483.MOV
[86/106] Already compressed Adjectives\86. fast\MVI_5133.MOV
[87/106] Already compressed Adjectives\86. fast\MVI_5134.MOV
[88/106] Already compressed Adjectives\86. fast\MVI_5135.MOV
[89/106] Already compressed Adjectives\86. fast\MVI_5213.MOV
[90/106] Already compressed Adjectives\86. fast\MVI_5214.MOV
[91/106] Already compressed Adjectives\86. fast\MVI_5215.MOV
[92/106] Already compressed Adjectives\86. fast\MVI_5292.MOV
[93/106] Already compressed Adjectives\86. fast\MVI_5293.MOV
[94/106] Already compressed Adjectives\86. fast\MVI_5294.MOV
[95/106] Already compressed Adjectives\86. fast\MVI_9244.MOV
[96/106] Already compressed Adjectives\86. fast\MVI_9245.MOV
[97/106] Already compressed Adjectives\86. fast\MVI_9246.MOV
[98/106] Already compressed Adjectives\86. fast\MVI_9325.MOV
[99/106] Already compressed Adjectives\86. fast\MVI_9326.MOV
[100/106] Already compressed Adjectives\86. fast\MVI_9327.MOV
[101/106] Already compressed Adjectives\86. fast\MVI_9405.MOV
[102/106] Already compressed Adjectives\86. fast\MVI_9406.MOV
[103/106] Already compressed Adjectives\86. fast\MVI_9407.MOV
[104/106] Already compressed Adjectives\86. fast\MVI_9484.MOV
[105/106] Already compressed Adjectives\86. fast\MVI_9485.MOV
[106/106] Already compressed Adjectives\86. fast\MVI_9486.MOV
Finished archive Adjectives_5of8.zip: compressed 106/106 videos.
Extracting Adjectives_6of8.zip ...
[1/104] Already compressed Adjectives\87. hot\MVI_5136.MOV
[2/104] Already compressed Adjectives\87. hot\MVI_5137.MOV
[3/104] Already compressed Adjectives\87. hot\MVI_5138.MOV
[4/104] Already compressed Adjectives\87. hot\MVI_5216.MOV
[5/104] Already compressed Adjectives\87. hot\MVI_5217.MOV
[6/104] Already compressed Adjectives\87. hot\MVI_5218.MOV
[7/104] Already compressed Adjectives\87. hot\MVI_5295.MOV
[8/104] Already compressed Adjectives\87. hot\MVI_5296.MOV
[9/104] Already compressed Adjectives\87. hot\MVI_5297.MOV
[10/104] Already compressed Adjectives\87. hot\MVI_9247.MOV
[11/104] Already compressed Adjectives\87. hot\MVI_9248.MOV
[12/104] Already compressed Adjectives\87. hot\MVI_9249.MOV
[13/104] Already compressed Adjectives\87. hot\MVI_9328.MOV
[14/104] Already compressed Adjectives\87. hot\MVI_9329.MOV
[15/104] Already compressed Adjectives\87. hot\MVI_9330.MOV
[16/104] Already compressed Adjectives\87. hot\MVI_9408.MOV
[17/104] Already compressed Adjectives\87. hot\MVI_9409.MOV
[18/104] Already compressed Adjectives\87. hot\MVI_9410.MOV
[19/104] Already compressed Adjectives\87. hot\MVI_9487.MOV
[20/104] Already compressed Adjectives\87. hot\MVI_9488.MOV
[21/104] Already compressed Adjectives\87. hot\MVI_9489.MOV
[22/104] Already compressed Adjectives\88. cold\MVI_5139.MOV
[23/104] Already compressed Adjectives\88. cold\MVI_5140.MOV
[24/104] Already compressed Adjectives\88. cold\MVI_5219.MOV
[25/104] Already compressed Adjectives\88. cold\MVI_5220.MOV
[26/104] Already compressed Adjectives\88. cold\MVI_5221.MOV
[27/104] Already compressed Adjectives\88. cold\MVI_5298.MOV
[28/104] Already compressed Adjectives\88. cold\MVI_5299.MOV
[29/104] Already compressed Adjectives\88. cold\MVI_5300.MOV
[30/104] Already compressed Adjectives\88. cold\MVI_9250.MOV
[31/104] Already compressed Adjectives\88. cold\MVI_9251.MOV
[32/104] Already compressed Adjectives\88. cold\MVI_9252.MOV
[33/104] Already compressed Adjectives\88. cold\MVI_9331.MOV
[34/104] Already compressed Adjectives\88. cold\MVI_9332.MOV
[35/104] Already compressed Adjectives\88. cold\MVI_9333.MOV
[36/104] Already compressed Adjectives\88. cold\MVI_9411.MOV
[37/104] Already compressed Adjectives\88. cold\MVI_9412.MOV
[38/104] Already compressed Adjectives\88. cold\MVI_9413.MOV
[39/104] Already compressed Adjectives\88. cold\MVI_9490.MOV
[40/104] Already compressed Adjectives\88. cold\MVI_9491.MOV
[41/104] Already compressed Adjectives\88. cold\MVI_9492.MOV
[42/104] Already compressed Adjectives\89. warm\MVI_5141.MOV
[43/104] Already compressed Adjectives\89. warm\MVI_5143.MOV
[44/104] Already compressed Adjectives\89. warm\MVI_5144.MOV
[45/104] Already compressed Adjectives\89. warm\MVI_5222.MOV
[46/104] Already compressed Adjectives\89. warm\MVI_5223.MOV
[47/104] Already compressed Adjectives\89. warm\MVI_5224.MOV
[48/104] Already compressed Adjectives\89. warm\MVI_5301.MOV
[49/104] Already compressed Adjectives\89. warm\MVI_5302.MOV
[50/104] Already compressed Adjectives\89. warm\MVI_5303.MOV
[51/104] Already compressed Adjectives\89. warm\MVI_9253.MOV
[52/104] Already compressed Adjectives\89. warm\MVI_9254.MOV
[53/104] Already compressed Adjectives\89. warm\MVI_9255.MOV
[54/104] Already compressed Adjectives\89. warm\MVI_9334.MOV
[55/104] Already compressed Adjectives\89. warm\MVI_9335.MOV
[56/104] Already compressed Adjectives\89. warm\MVI_9336.MOV
[57/104] Already compressed Adjectives\89. warm\MVI_9415.MOV
[58/104] Already compressed Adjectives\89. warm\MVI_9416.MOV
[59/104] Already compressed Adjectives\89. warm\MVI_9417.MOV
[60/104] Already compressed Adjectives\89. warm\MVI_9493.MOV
[61/104] Already compressed Adjectives\89. warm\MVI_9494.MOV
[62/104] Already compressed Adjectives\89. warm\MVI_9495.MOV
[63/104] Already compressed Adjectives\90. cool\MVI_5145.MOV
[64/104] Already compressed Adjectives\90. cool\MVI_5146.MOV
[65/104] Already compressed Adjectives\90. cool\MVI_5147.MOV
[66/104] Already compressed Adjectives\90. cool\MVI_5225.MOV
[67/104] Already compressed Adjectives\90. cool\MVI_5226.MOV
[68/104] Already compressed Adjectives\90. cool\MVI_5227.MOV
[69/104] Already compressed Adjectives\90. cool\MVI_5304.MOV
[70/104] Already compressed Adjectives\90. cool\MVI_5305.MOV
[71/104] Already compressed Adjectives\90. cool\MVI_5306.MOV
[72/104] Already compressed Adjectives\90. cool\MVI_9256.MOV
[73/104] Already compressed Adjectives\90. cool\MVI_9257.MOV
[74/104] Already compressed Adjectives\90. cool\MVI_9258.MOV
[75/104] Already compressed Adjectives\90. cool\MVI_9337.MOV
[76/104] Already compressed Adjectives\90. cool\MVI_9338.MOV
[77/104] Already compressed Adjectives\90. cool\MVI_9339.MOV
[78/104] Already compressed Adjectives\90. cool\MVI_9418.MOV
[79/104] Already compressed Adjectives\90. cool\MVI_9419.MOV
[80/104] Already compressed Adjectives\90. cool\MVI_9420.MOV
[81/104] Already compressed Adjectives\90. cool\MVI_9497.MOV
[82/104] Already compressed Adjectives\90. cool\MVI_9498.MOV
[83/104] Already compressed Adjectives\90. cool\MVI_9499.MOV
[84/104] Already compressed Adjectives\91. new\MVI_5148.MOV
[85/104] Already compressed Adjectives\91. new\MVI_5150.MOV
[86/104] Already compressed Adjectives\91. new\MVI_5151.MOV
[87/104] Already compressed Adjectives\91. new\MVI_5229.MOV
[88/104] Already compressed Adjectives\91. new\MVI_5230.MOV
[89/104] Already compressed Adjectives\91. new\MVI_5231.MOV
[90/104] Already compressed Adjectives\91. new\MVI_5307.MOV
[91/104] Already compressed Adjectives\91. new\MVI_5308.MOV
[92/104] Already compressed Adjectives\91. new\MVI_5309.MOV
[93/104] Already compressed Adjectives\91. new\MVI_9259.MOV
[94/104] Already compressed Adjectives\91. new\MVI_9260.MOV
[95/104] Already compressed Adjectives\91. new\MVI_9261.MOV
[96/104] Already compressed Adjectives\91. new\MVI_9340.MOV
[97/104] Already compressed Adjectives\91. new\MVI_9341.MOV
[98/104] Already compressed Adjectives\91. new\MVI_9342.MOV
[99/104] Already compressed Adjectives\91. new\MVI_9421.MOV
[100/104] Already compressed Adjectives\91. new\MVI_9422.MOV
[101/104] Already compressed Adjectives\91. new\MVI_9423.MOV
[102/104] Already compressed Adjectives\91. new\MVI_9500.MOV
[103/104] Already compressed Adjectives\91. new\MVI_9501.MOV
[104/104] Already compressed Adjectives\91. new\MVI_9502.MOV
Finished archive Adjectives_6of8.zip: compressed 104/104 videos.
Extracting Adjectives_7of8.zip ...
[1/105] Already compressed Adjectives\92. old\MVI_5152.MOV
[2/105] Already compressed Adjectives\92. old\MVI_5153.MOV
[3/105] Already compressed Adjectives\92. old\MVI_5154.MOV
[4/105] Already compressed Adjectives\92. old\MVI_5232.MOV
[5/105] Already compressed Adjectives\92. old\MVI_5233.MOV
[6/105] Already compressed Adjectives\92. old\MVI_5234.MOV
[7/105] Already compressed Adjectives\92. old\MVI_5310.MOV
[8/105] Already compressed Adjectives\92. old\MVI_5311.MOV
[9/105] Already compressed Adjectives\92. old\MVI_5312.MOV
[10/105] Already compressed Adjectives\92. old\MVI_9262.MOV
[11/105] Already compressed Adjectives\92. old\MVI_9263.MOV
[12/105] Already compressed Adjectives\92. old\MVI_9264.MOV
[13/105] Already compressed Adjectives\92. old\MVI_9343.MOV
[14/105] Already compressed Adjectives\92. old\MVI_9344.MOV
[15/105] Already compressed Adjectives\92. old\MVI_9345.MOV
[16/105] Already compressed Adjectives\92. old\MVI_9424.MOV
[17/105] Already compressed Adjectives\92. old\MVI_9425.MOV
[18/105] Already compressed Adjectives\92. old\MVI_9426.MOV
[19/105] Already compressed Adjectives\92. old\MVI_9504.MOV
[20/105] Already compressed Adjectives\92. old\MVI_9505.MOV
[21/105] Already compressed Adjectives\92. old\MVI_9506.MOV
[22/105] Already compressed Adjectives\93. young\MVI_5155.MOV
[23/105] Already compressed Adjectives\93. young\MVI_5156.MOV
[24/105] Already compressed Adjectives\93. young\MVI_5157.MOV
[25/105] Already compressed Adjectives\93. young\MVI_5235.MOV
[26/105] Already compressed Adjectives\93. young\MVI_5236.MOV
[27/105] Already compressed Adjectives\93. young\MVI_5237.MOV
[28/105] Already compressed Adjectives\93. young\MVI_5313.MOV
[29/105] Already compressed Adjectives\93. young\MVI_5314.MOV
[30/105] Already compressed Adjectives\93. young\MVI_5315.MOV
[31/105] Already compressed Adjectives\93. young\MVI_9265.MOV
[32/105] Already compressed Adjectives\93. young\MVI_9266.MOV
[33/105] Already compressed Adjectives\93. young\MVI_9267.MOV
[34/105] Already compressed Adjectives\93. young\MVI_9346.MOV
[35/105] Already compressed Adjectives\93. young\MVI_9347.MOV
[36/105] Already compressed Adjectives\93. young\MVI_9348.MOV
[37/105] Already compressed Adjectives\93. young\MVI_9427.MOV
[38/105] Already compressed Adjectives\93. young\MVI_9428.MOV
[39/105] Already compressed Adjectives\93. young\MVI_9429.MOV
[40/105] Already compressed Adjectives\93. young\MVI_9507.MOV
[41/105] Already compressed Adjectives\93. young\MVI_9508.MOV
[42/105] Already compressed Adjectives\93. young\MVI_9509.MOV
[43/105] Already compressed Adjectives\94. good\MVI_5158.MOV
[44/105] Already compressed Adjectives\94. good\MVI_5159.MOV
[45/105] Already compressed Adjectives\94. good\MVI_5160.MOV
[46/105] Already compressed Adjectives\94. good\MVI_5238.MOV
[47/105] Already compressed Adjectives\94. good\MVI_5239.MOV
[48/105] Already compressed Adjectives\94. good\MVI_5240.MOV
[49/105] Already compressed Adjectives\94. good\MVI_5316.MOV
[50/105] Already compressed Adjectives\94. good\MVI_5317.MOV
[51/105] Already compressed Adjectives\94. good\MVI_5318.MOV
[52/105] Already compressed Adjectives\94. good\MVI_9268.MOV
[53/105] Already compressed Adjectives\94. good\MVI_9269.MOV
[54/105] Already compressed Adjectives\94. good\MVI_9270.MOV
[55/105] Already compressed Adjectives\94. good\MVI_9349.MOV
[56/105] Already compressed Adjectives\94. good\MVI_9350.MOV
[57/105] Already compressed Adjectives\94. good\MVI_9351.MOV
[58/105] Already compressed Adjectives\94. good\MVI_9430.MOV
[59/105] Already compressed Adjectives\94. good\MVI_9431.MOV
[60/105] Already compressed Adjectives\94. good\MVI_9432.MOV
[61/105] Already compressed Adjectives\94. good\MVI_9510.MOV
[62/105] Already compressed Adjectives\94. good\MVI_9511.MOV
[63/105] Already compressed Adjectives\94. good\MVI_9512.MOV
[64/105] Already compressed Adjectives\95. bad\MVI_5161.MOV
[65/105] Already compressed Adjectives\95. bad\MVI_5162.MOV
[66/105] Already compressed Adjectives\95. bad\MVI_5163.MOV
[67/105] Already compressed Adjectives\95. bad\MVI_5241.MOV
[68/105] Already compressed Adjectives\95. bad\MVI_5242.MOV
[69/105] Already compressed Adjectives\95. bad\MVI_5243.MOV
[70/105] Already compressed Adjectives\95. bad\MVI_5319.MOV
[71/105] Already compressed Adjectives\95. bad\MVI_5320.MOV
[72/105] Already compressed Adjectives\95. bad\MVI_5321.MOV
[73/105] Already compressed Adjectives\95. bad\MVI_9271.MOV
[74/105] Already compressed Adjectives\95. bad\MVI_9272.MOV
[75/105] Already compressed Adjectives\95. bad\MVI_9273.MOV
[76/105] Already compressed Adjectives\95. bad\MVI_9352.MOV
[77/105] Already compressed Adjectives\95. bad\MVI_9353.MOV
[78/105] Already compressed Adjectives\95. bad\MVI_9354.MOV
[79/105] Already compressed Adjectives\95. bad\MVI_9433.MOV
[80/105] Already compressed Adjectives\95. bad\MVI_9434.MOV
[81/105] Already compressed Adjectives\95. bad\MVI_9435.MOV
[82/105] Already compressed Adjectives\95. bad\MVI_9513.MOV
[83/105] Already compressed Adjectives\95. bad\MVI_9514.MOV
[84/105] Already compressed Adjectives\95. bad\MVI_9516.MOV
[85/105] Already compressed Adjectives\96. wet\MVI_5164.MOV
[86/105] Already compressed Adjectives\96. wet\MVI_5165.MOV
[87/105] Already compressed Adjectives\96. wet\MVI_5166.MOV
[88/105] Already compressed Adjectives\96. wet\MVI_5244.MOV
[89/105] Already compressed Adjectives\96. wet\MVI_5245.MOV
[90/105] Already compressed Adjectives\96. wet\MVI_5246.MOV
[91/105] Already compressed Adjectives\96. wet\MVI_5322.MOV
[92/105] Already compressed Adjectives\96. wet\MVI_5323.MOV
[93/105] Already compressed Adjectives\96. wet\MVI_5324.MOV
[94/105] Already compressed Adjectives\96. wet\MVI_9274.MOV
[95/105] Already compressed Adjectives\96. wet\MVI_9275.MOV
[96/105] Already compressed Adjectives\96. wet\MVI_9276.MOV
[97/105] Already compressed Adjectives\96. wet\MVI_9355.MOV
[98/105] Already compressed Adjectives\96. wet\MVI_9356.MOV
[99/105] Already compressed Adjectives\96. wet\MVI_9357.MOV
[100/105] Already compressed Adjectives\96. wet\MVI_9436.MOV
[101/105] Already compressed Adjectives\96. wet\MVI_9437.MOV
[102/105] Already compressed Adjectives\96. wet\MVI_9438.MOV
[103/105] Already compressed Adjectives\96. wet\MVI_9517.MOV
[104/105] Already compressed Adjectives\96. wet\MVI_9518.MOV
[105/105] Already compressed Adjectives\96. wet\MVI_9520.MOV
Finished archive Adjectives_7of8.zip: compressed 105/105 videos.
Extracting Adjectives_8of8.zip ...
[1/63] Already compressed Adjectives\97. dry\MVI_5167.MOV
[2/63] Already compressed Adjectives\97. dry\MVI_5168.MOV
[3/63] Already compressed Adjectives\97. dry\MVI_5169.MOV
[4/63] Already compressed Adjectives\97. dry\MVI_5248.MOV
[5/63] Already compressed Adjectives\97. dry\MVI_5249.MOV
[6/63] Already compressed Adjectives\97. dry\MVI_5250.MOV
[7/63] Already compressed Adjectives\97. dry\MVI_5326.MOV
[8/63] Already compressed Adjectives\97. dry\MVI_5327.MOV
[9/63] Already compressed Adjectives\97. dry\MVI_5328.MOV
[10/63] Already compressed Adjectives\97. dry\MVI_9277.MOV
[11/63] Already compressed Adjectives\97. dry\MVI_9278.MOV
[12/63] Already compressed Adjectives\97. dry\MVI_9279.MOV
[13/63] Already compressed Adjectives\97. dry\MVI_9359.MOV
[14/63] Already compressed Adjectives\97. dry\MVI_9360.MOV
[15/63] Already compressed Adjectives\97. dry\MVI_9361.MOV
[16/63] Already compressed Adjectives\97. dry\MVI_9439.MOV
[17/63] Already compressed Adjectives\97. dry\MVI_9440.MOV
[18/63] Already compressed Adjectives\97. dry\MVI_9441.MOV
[19/63] Already compressed Adjectives\97. dry\MVI_9521.MOV
[20/63] Already compressed Adjectives\97. dry\MVI_9522.MOV
[21/63] Already compressed Adjectives\97. dry\MVI_9523.MOV
[22/63] Already compressed Adjectives\98. sick\MVI_5170.MOV
[23/63] Already compressed Adjectives\98. sick\MVI_5171.MOV
[24/63] Already compressed Adjectives\98. sick\MVI_5172.MOV
[25/63] Already compressed Adjectives\98. sick\MVI_5251.MOV
[26/63] Already compressed Adjectives\98. sick\MVI_5252.MOV
[27/63] Already compressed Adjectives\98. sick\MVI_5253.MOV
[28/63] Already compressed Adjectives\98. sick\MVI_5329.MOV
[29/63] Already compressed Adjectives\98. sick\MVI_5330.MOV
[30/63] Already compressed Adjectives\98. sick\MVI_5331.MOV
[31/63] Already compressed Adjectives\98. sick\MVI_9280.MOV
[32/63] Already compressed Adjectives\98. sick\MVI_9281.MOV
[33/63] Already compressed Adjectives\98. sick\MVI_9282.MOV
[34/63] Already compressed Adjectives\98. sick\MVI_9362.MOV
[35/63] Already compressed Adjectives\98. sick\MVI_9363.MOV
[36/63] Already compressed Adjectives\98. sick\MVI_9364.MOV
[37/63] Already compressed Adjectives\98. sick\MVI_9442.MOV
[38/63] Already compressed Adjectives\98. sick\MVI_9443.MOV
[39/63] Already compressed Adjectives\98. sick\MVI_9444.MOV
[40/63] Already compressed Adjectives\98. sick\MVI_9527.MOV
[41/63] Already compressed Adjectives\98. sick\MVI_9528.MOV
[42/63] Already compressed Adjectives\98. sick\MVI_9529.MOV
[43/63] Already compressed Adjectives\99. healthy\MVI_5173.MOV
[44/63] Already compressed Adjectives\99. healthy\MVI_5174.MOV
[45/63] Already compressed Adjectives\99. healthy\MVI_5175.MOV
[46/63] Already compressed Adjectives\99. healthy\MVI_5254.MOV
[47/63] Already compressed Adjectives\99. healthy\MVI_5255.MOV
[48/63] Already compressed Adjectives\99. healthy\MVI_5256.MOV
[49/63] Already compressed Adjectives\99. healthy\MVI_5332.MOV
[50/63] Already compressed Adjectives\99. healthy\MVI_5333.MOV
[51/63] Already compressed Adjectives\99. healthy\MVI_5334.MOV
[52/63] Already compressed Adjectives\99. healthy\MVI_9286.MOV
[53/63] Already compressed Adjectives\99. healthy\MVI_9287.MOV
[54/63] Already compressed Adjectives\99. healthy\MVI_9288.MOV
[55/63] Already compressed Adjectives\99. healthy\MVI_9365.MOV
[56/63] Already compressed Adjectives\99. healthy\MVI_9366.MOV
[57/63] Already compressed Adjectives\99. healthy\MVI_9367.MOV
[58/63] Already compressed Adjectives\99. healthy\MVI_9445.MOV
[59/63] Already compressed Adjectives\99. healthy\MVI_9446.MOV
[60/63] Already compressed Adjectives\99. healthy\MVI_9447.MOV
[61/63] Already compressed Adjectives\99. healthy\MVI_9530.MOV
[62/63] Already compressed Adjectives\99. healthy\MVI_9531.MOV
[63/63] Already compressed Adjectives\99. healthy\MVI_9532.MOV
Finished archive Adjectives_8of8.zip: compressed 63/63 videos.
Extracting Home_4of4.zip ...
[1/70] Already compressed Home\46. Box\MVI_4437.MOV
[2/70] Already compressed Home\46. Box\MVI_4438.MOV
[3/70] Already compressed Home\46. Box\MVI_4439.MOV
[4/70] Already compressed Home\46. Box\MVI_4440.MOV
[5/70] Already compressed Home\46. Box\MVI_4944.MOV
[6/70] Already compressed Home\46. Box\MVI_4945.MOV
[7/70] Already compressed Home\46. Box\MVI_4946.MOV
[8/70] Already compressed Home\46. Box\MVI_8842.MP4
[9/70] Already compressed Home\46. Box\MVI_8843.MP4
[10/70] Already compressed Home\46. Box\MVI_8844.MP4
[11/70] Already compressed Home\46. Box\MVI_8845.MP4
[12/70] Already compressed Home\46. Box\MVI_9076.MP4
[13/70] Already compressed Home\46. Box\MVI_9077.MP4
[14/70] Already compressed Home\46. Box\MVI_9078.MP4
[15/70] Already compressed Home\47. Gift\MVI_4441.MOV
[16/70] Already compressed Home\47. Gift\MVI_4442.MOV
[17/70] Already compressed Home\47. Gift\MVI_4443.MOV
[18/70] Already compressed Home\47. Gift\MVI_4444.MOV
[19/70] Already compressed Home\47. Gift\MVI_4947.MOV
[20/70] Already compressed Home\47. Gift\MVI_4948.MOV
[21/70] Already compressed Home\47. Gift\MVI_4949.MOV
[22/70] Already compressed Home\47. Gift\MVI_8846.MP4
[23/70] Already compressed Home\47. Gift\MVI_8847.MP4
[24/70] Already compressed Home\47. Gift\MVI_8848.MP4
[25/70] Already compressed Home\47. Gift\MVI_8849.MP4
[26/70] Already compressed Home\47. Gift\MVI_9079.MP4
[27/70] Already compressed Home\47. Gift\MVI_9080.MP4
[28/70] Already compressed Home\47. Gift\MVI_9081.MP4
[29/70] Already compressed Home\48. Card\MVI_4445.MOV
[30/70] Already compressed Home\48. Card\MVI_4446.MOV
[31/70] Already compressed Home\48. Card\MVI_4447.MOV
[32/70] Already compressed Home\48. Card\MVI_4448.MOV
[33/70] Already compressed Home\48. Card\MVI_4950.MOV
[34/70] Already compressed Home\48. Card\MVI_4951.MOV
[35/70] Already compressed Home\48. Card\MVI_4952.MOV
[36/70] Already compressed Home\48. Card\MVI_8851.MP4
[37/70] Already compressed Home\48. Card\MVI_8852.MP4
[38/70] Already compressed Home\48. Card\MVI_8853.MP4
[39/70] Already compressed Home\48. Card\MVI_8854.MP4
[40/70] Already compressed Home\48. Card\MVI_9082.MP4
[41/70] Already compressed Home\48. Card\MVI_9083.MP4
[42/70] Already compressed Home\48. Card\MVI_9084.MP4
[43/70] Already compressed Home\49. Ring\MVI_4449.MOV
[44/70] Already compressed Home\49. Ring\MVI_4450.MOV
[45/70] Already compressed Home\49. Ring\MVI_4451.MOV
[46/70] Already compressed Home\49. Ring\MVI_4452.MOV
[47/70] Already compressed Home\49. Ring\MVI_4953.MOV
[48/70] Already compressed Home\49. Ring\MVI_4954.MOV
[49/70] Already compressed Home\49. Ring\MVI_4955.MOV
[50/70] Already compressed Home\49. Ring\MVI_8856.MP4
[51/70] Already compressed Home\49. Ring\MVI_8857.MP4
[52/70] Already compressed Home\49. Ring\MVI_8858.MP4
[53/70] Already compressed Home\49. Ring\MVI_8859.MP4
[54/70] Already compressed Home\49. Ring\MVI_9085.MP4
[55/70] Already compressed Home\49. Ring\MVI_9086.MP4
[56/70] Already compressed Home\49. Ring\MVI_9087.MP4
[57/70] Already compressed Home\50. Tool\MVI_4453.MOV
[58/70] Already compressed Home\50. Tool\MVI_4454.MOV
[59/70] Already compressed Home\50. Tool\MVI_4455.MOV
[60/70] Already compressed Home\50. Tool\MVI_4456.MOV
[61/70] Already compressed Home\50. Tool\MVI_4956.MOV
[62/70] Already compressed Home\50. Tool\MVI_4957.MOV
[63/70] Already compressed Home\50. Tool\MVI_4958.MOV
[64/70] Already compressed Home\50. Tool\MVI_8860.MP4
[65/70] Already compressed Home\50. Tool\MVI_8861.MP4
[66/70] Already compressed Home\50. Tool\MVI_8862.MP4
[67/70] Already compressed Home\50. Tool\MVI_8863.MP4
[68/70] Already compressed Home\50. Tool\MVI_9088.MP4
[69/70] Already compressed Home\50. Tool\MVI_9089.MP4
[70/70] Already compressed Home\50. Tool\MVI_9090.MP4
Finished archive Home_4of4.zip: compressed 70/70 videos.
Extracting Pronouns_1of2.zip ...
[1/105] Already compressed Pronouns\40. I\MVI_0001.MOV
[2/105] Already compressed Pronouns\40. I\MVI_0002.MOV
[3/105] Already compressed Pronouns\40. I\MVI_0003.MOV
[4/105] Already compressed Pronouns\40. I\MVI_0012.MOV
[5/105] Already compressed Pronouns\40. I\MVI_0013.MOV
[6/105] Already compressed Pronouns\40. I\MVI_0014.MOV
[7/105] Already compressed Pronouns\40. I\MVI_0064.MOV
[8/105] Already compressed Pronouns\40. I\MVI_0065.MOV
[9/105] Already compressed Pronouns\40. I\MVI_0066.MOV
[10/105] Already compressed Pronouns\40. I\MVI_9878.MOV
[11/105] Already compressed Pronouns\40. I\MVI_9879.MOV
[12/105] Already compressed Pronouns\40. I\MVI_9880.MOV
[13/105] Already compressed Pronouns\40. I\MVI_9881.MOV
[14/105] Already compressed Pronouns\40. I\MVI_9918.MOV
[15/105] Already compressed Pronouns\40. I\MVI_9919.MOV
[16/105] Already compressed Pronouns\40. I\MVI_9920.MOV
[17/105] Already compressed Pronouns\40. I\MVI_9922.MOV
[18/105] Already compressed Pronouns\40. I\MVI_9957.MOV
[19/105] Already compressed Pronouns\40. I\MVI_9958.MOV
[20/105] Already compressed Pronouns\40. I\MVI_9959.MOV
[21/105] Already compressed Pronouns\40. I\MVI_9995.MOV
[22/105] Already compressed Pronouns\41. you\MVI_0015.MOV
[23/105] Already compressed Pronouns\41. you\MVI_0016.MOV
[24/105] Already compressed Pronouns\41. you\MVI_0017.MOV
[25/105] Already compressed Pronouns\41. you\MVI_0067.MOV
[26/105] Already compressed Pronouns\41. you\MVI_0068.MOV
[27/105] Already compressed Pronouns\41. you\MVI_0069.MOV
[28/105] Already compressed Pronouns\41. you\MVI_9885.MOV
[29/105] Already compressed Pronouns\41. you\MVI_9886.MOV
[30/105] Already compressed Pronouns\41. you\MVI_9887.MOV
[31/105] Already compressed Pronouns\41. you\MVI_9888.MOV
[32/105] Already compressed Pronouns\41. you\MVI_9923.MOV
[33/105] Already compressed Pronouns\41. you\MVI_9924.MOV
[34/105] Already compressed Pronouns\41. you\MVI_9925.MOV
[35/105] Already compressed Pronouns\41. you\MVI_9926.MOV
[36/105] Already compressed Pronouns\41. you\MVI_9960.MOV
[37/105] Already compressed Pronouns\41. you\MVI_9961.MOV
[38/105] Already compressed Pronouns\41. you\MVI_9962.MOV
[39/105] Already compressed Pronouns\41. you\MVI_9996.MOV
[40/105] Already compressed Pronouns\41. you\MVI_9997.MOV
[41/105] Already compressed Pronouns\41. you\MVI_9998.MOV
[42/105] Already compressed Pronouns\41. you\MVI_9999.MOV
[43/105] Already compressed Pronouns\42. he\MVI_0005.MOV
[44/105] Already compressed Pronouns\42. he\MVI_0006.MOV
[45/105] Already compressed Pronouns\42. he\MVI_0007.MOV
[46/105] Already compressed Pronouns\42. he\MVI_0008.MOV
[47/105] Already compressed Pronouns\42. he\MVI_0018.MOV
[48/105] Already compressed Pronouns\42. he\MVI_0019.MOV
[49/105] Already compressed Pronouns\42. he\MVI_0020.MOV
[50/105] Already compressed Pronouns\42. he\MVI_0070.MOV
[51/105] Already compressed Pronouns\42. he\MVI_0071.MOV
[52/105] Already compressed Pronouns\42. he\MVI_0072.MOV
[53/105] Already compressed Pronouns\42. he\MVI_9889.MOV
[54/105] Already compressed Pronouns\42. he\MVI_9890.MOV
[55/105] Already compressed Pronouns\42. he\MVI_9891.MOV
[56/105] Already compressed Pronouns\42. he\MVI_9892.MOV
[57/105] Already compressed Pronouns\42. he\MVI_9927.MOV
[58/105] Already compressed Pronouns\42. he\MVI_9928.MOV
[59/105] Already compressed Pronouns\42. he\MVI_9930.MOV
[60/105] Already compressed Pronouns\42. he\MVI_9931.MOV
[61/105] Already compressed Pronouns\42. he\MVI_9963.MOV
[62/105] Already compressed Pronouns\42. he\MVI_9964.MOV
[63/105] Already compressed Pronouns\42. he\MVI_9965.MOV
[64/105] Already compressed Pronouns\43. she\MVI_0009.MOV
[65/105] Already compressed Pronouns\43. she\MVI_0010.MOV
[66/105] Already compressed Pronouns\43. she\MVI_0011.MOV
[67/105] Already compressed Pronouns\43. she\MVI_0012.MOV
[68/105] Already compressed Pronouns\43. she\MVI_0021.MOV
[69/105] Already compressed Pronouns\43. she\MVI_0022.MOV
[70/105] Already compressed Pronouns\43. she\MVI_0023.MOV
[71/105] Already compressed Pronouns\43. she\MVI_0073.MOV
[72/105] Already compressed Pronouns\43. she\MVI_0074.MOV
[73/105] Already compressed Pronouns\43. she\MVI_0075.MOV
[74/105] Already compressed Pronouns\43. she\MVI_9893.MOV
[75/105] Already compressed Pronouns\43. she\MVI_9894.MOV
[76/105] Already compressed Pronouns\43. she\MVI_9895.MOV
[77/105] Already compressed Pronouns\43. she\MVI_9896.MOV
[78/105] Already compressed Pronouns\43. she\MVI_9932.MOV
[79/105] Already compressed Pronouns\43. she\MVI_9933.MOV
[80/105] Already compressed Pronouns\43. she\MVI_9934.MOV
[81/105] Already compressed Pronouns\43. she\MVI_9935.MOV
[82/105] Already compressed Pronouns\43. she\MVI_9966.MOV
[83/105] Already compressed Pronouns\43. she\MVI_9967.MOV
[84/105] Already compressed Pronouns\43. she\MVI_9968.MOV
[85/105] Already compressed Pronouns\44. it\MVI_0013.MOV
[86/105] Already compressed Pronouns\44. it\MVI_0014.MOV
[87/105] Already compressed Pronouns\44. it\MVI_0015.MOV
[88/105] Already compressed Pronouns\44. it\MVI_0016.MOV
[89/105] Already compressed Pronouns\44. it\MVI_0024.MOV
[90/105] Already compressed Pronouns\44. it\MVI_0025.MOV
[91/105] Already compressed Pronouns\44. it\MVI_0026.MOV
[92/105] Already compressed Pronouns\44. it\MVI_0076.MOV
[93/105] Already compressed Pronouns\44. it\MVI_0077.MOV
[94/105] Already compressed Pronouns\44. it\MVI_0078.MOV
[95/105] Already compressed Pronouns\44. it\MVI_9897.MOV
[96/105] Already compressed Pronouns\44. it\MVI_9898.MOV
[97/105] Already compressed Pronouns\44. it\MVI_9899.MOV
[98/105] Already compressed Pronouns\44. it\MVI_9900.MOV
[99/105] Already compressed Pronouns\44. it\MVI_9936.MOV
[100/105] Already compressed Pronouns\44. it\MVI_9937.MOV
[101/105] Already compressed Pronouns\44. it\MVI_9938.MOV
[102/105] Already compressed Pronouns\44. it\MVI_9939.MOV
[103/105] Already compressed Pronouns\44. it\MVI_9969.MOV
[104/105] Already compressed Pronouns\44. it\MVI_9970.MOV
[105/105] Already compressed Pronouns\44. it\MVI_9971.MOV
Finished archive Pronouns_1of2.zip: compressed 105/105 videos.
Extracting Pronouns_2of2.zip ...
[1/63] Already compressed Pronouns\45. we\MVI_0017.MOV
[2/63] Already compressed Pronouns\45. we\MVI_0018.MOV
[3/63] Already compressed Pronouns\45. we\MVI_0019.MOV
[4/63] Already compressed Pronouns\45. we\MVI_0020.MOV
[5/63] Already compressed Pronouns\45. we\MVI_0027.MOV
[6/63] Already compressed Pronouns\45. we\MVI_0028.MOV
[7/63] Already compressed Pronouns\45. we\MVI_0029.MOV
[8/63] Already compressed Pronouns\45. we\MVI_0079.MOV
[9/63] Already compressed Pronouns\45. we\MVI_0080.MOV
[10/63] Already compressed Pronouns\45. we\MVI_0081.MOV
[11/63] Already compressed Pronouns\45. we\MVI_9901.MOV
[12/63] Already compressed Pronouns\45. we\MVI_9902.MOV
[13/63] Already compressed Pronouns\45. we\MVI_9903.MOV
[14/63] Already compressed Pronouns\45. we\MVI_9904.MOV
[15/63] Already compressed Pronouns\45. we\MVI_9940.MOV
[16/63] Already compressed Pronouns\45. we\MVI_9941.MOV
[17/63] Already compressed Pronouns\45. we\MVI_9942.MOV
[18/63] Already compressed Pronouns\45. we\MVI_9943.MOV
[19/63] Already compressed Pronouns\45. we\MVI_9972.MOV
[20/63] Already compressed Pronouns\45. we\MVI_9973.MOV
[21/63] Already compressed Pronouns\45. we\MVI_9974.MOV
[22/63] Already compressed Pronouns\46. you (plural)\MVI_0021.MOV
[23/63] Already compressed Pronouns\46. you (plural)\MVI_0022.MOV
[24/63] Already compressed Pronouns\46. you (plural)\MVI_0023.MOV
[25/63] Already compressed Pronouns\46. you (plural)\MVI_0024.MOV
[26/63] Already compressed Pronouns\46. you (plural)\MVI_0030.MOV
[27/63] Already compressed Pronouns\46. you (plural)\MVI_0031.MOV
[28/63] Already compressed Pronouns\46. you (plural)\MVI_0032.MOV
[29/63] Already compressed Pronouns\46. you (plural)\MVI_0082.MOV
[30/63] Already compressed Pronouns\46. you (plural)\MVI_0083.MOV
[31/63] Already compressed Pronouns\46. you (plural)\MVI_0084.MOV
[32/63] Already compressed Pronouns\46. you (plural)\MVI_9905.MOV
[33/63] Already compressed Pronouns\46. you (plural)\MVI_9907.MOV
[34/63] Already compressed Pronouns\46. you (plural)\MVI_9908.MOV
[35/63] Already compressed Pronouns\46. you (plural)\MVI_9909.MOV
[36/63] Already compressed Pronouns\46. you (plural)\MVI_9945.MOV
[37/63] Already compressed Pronouns\46. you (plural)\MVI_9946.MOV
[38/63] Already compressed Pronouns\46. you (plural)\MVI_9947.MOV
[39/63] Already compressed Pronouns\46. you (plural)\MVI_9948.MOV
[40/63] Already compressed Pronouns\46. you (plural)\MVI_9975.MOV
[41/63] Already compressed Pronouns\46. you (plural)\MVI_9976.MOV
[42/63] Already compressed Pronouns\46. you (plural)\MVI_9977.MOV
[43/63] Already compressed Pronouns\47. they\MVI_0025.MOV
[44/63] Already compressed Pronouns\47. they\MVI_0026.MOV
[45/63] Already compressed Pronouns\47. they\MVI_0027.MOV
[46/63] Already compressed Pronouns\47. they\MVI_0028.MOV
[47/63] Already compressed Pronouns\47. they\MVI_0033.MOV
[48/63] Already compressed Pronouns\47. they\MVI_0034.MOV
[49/63] Already compressed Pronouns\47. they\MVI_0035.MOV
[50/63] Already compressed Pronouns\47. they\MVI_0085.MOV
[51/63] Already compressed Pronouns\47. they\MVI_0087.MOV
[52/63] Already compressed Pronouns\47. they\MVI_0088.MOV
[53/63] Already compressed Pronouns\47. they\MVI_9910.MOV
[54/63] Already compressed Pronouns\47. they\MVI_9911.MOV
[55/63] Already compressed Pronouns\47. they\MVI_9912.MOV
[56/63] Already compressed Pronouns\47. they\MVI_9913.MOV
[57/63] Already compressed Pronouns\47. they\MVI_9950.MOV
[58/63] Already compressed Pronouns\47. they\MVI_9951.MOV
[59/63] Already compressed Pronouns\47. they\MVI_9952.MOV
[60/63] Already compressed Pronouns\47. they\MVI_9953.MOV
[61/63] Already compressed Pronouns\47. they\MVI_9979.MOV
[62/63] Already compressed Pronouns\47. they\MVI_9980.MOV
[63/63] Already compressed Pronouns\47. they\MVI_9981.MOV
Finished archive Pronouns_2of2.zip: compressed 63/63 videos.
Extracting Society_2of3.zip ...
