waiting for run_iter3.sh to finish...

=================== TEST-TIME AUGMENTATION ===================
[sd263_ssl] 6 views on splits/full263__session-disjoint.csv
  plain  top1 29.6%  top5 57.8%  balanced 32.2%
  TTA    top1 32.1%  top5 61.0%  balanced 35.1%
  delta  top1 +2.5  top5 +3.2  balanced +3.0  (pts)
  wrote test_tta to runs\sd263_ssl\summary.json

  [train] corpora: {'cislr': 493, 'include': 1957}
[sd263_ssl_cislr] 6 views on splits/full263__session-disjoint+cislr.csv
  plain  top1 31.0%  top5 60.3%  balanced 31.5%
  TTA    top1 34.7%  top5 63.7%  balanced 35.4%
  delta  top1 +3.7  top5 +3.4  balanced +3.9  (pts)
  wrote test_tta to runs\sd263_ssl_cislr\summary.json

[sd263_foldval] 6 views on splits/full263__session-disjoint-foldval.csv
  plain  top1 33.0%  top5 62.7%  balanced 33.5%
  TTA    top1 35.3%  top5 66.4%  balanced 35.8%
  delta  top1 +2.4  top5 +3.8  balanced +2.3  (pts)
  wrote test_tta to runs\sd263_foldval\summary.json

[sd263_ssl_foldval] 6 views on splits/full263__session-disjoint-foldval.csv
  plain  top1 34.6%  top5 65.8%  balanced 36.7%
  TTA    top1 36.8%  top5 69.7%  balanced 39.6%
  delta  top1 +2.3  top5 +3.9  balanced +2.9  (pts)
  wrote test_tta to runs\sd263_ssl_foldval\summary.json

=================== SUMMARY ===================
run                            split             extra   cache     pre   test top1    top5  balanced     n
----------------------------------------------------------------------------------------------------------
full263__random-video          random-video              cache     yes      95.4%  98.5%    95.5%   872
full263_v2__random-video       random-video              cache128  yes      94.5%  99.1%    94.7%   872
full263__take-group            take-group                cache     yes      24.6%  61.3%    26.7%   878
full263_v2__take-group         take-group                cache128  yes      29.3%  64.1%    32.0%   878
sd263_cislr                    session-disjoint  +cislr  cache128  yes      23.2%  52.2%    25.2%  1010
sd263_f16                      session-disjoint          cache128  yes      22.7%  53.7%    25.4%  1010
sd263_f4                       session-disjoint          cache128  yes      12.7%  36.8%    14.2%  1010
sd263_foldval                  session-disjoint  -foldval cache128  yes      33.0%  62.7%    33.5%  1010
sd263_ssl                      session-disjoint          cache128  ssl      29.7%  57.4%    32.2%  1010
sd263_ssl_cislr                session-disjoint  +cislr  cache128  ssl      31.1%  60.3%    31.6%  1010
sd263_ssl_foldval              session-disjoint  -foldval cache128  ssl      34.8%  65.9%    36.9%  1010
sd_full263                     session-disjoint          cache128  yes      22.1%  51.4%    25.2%  1010
include50__official            official                  cache     yes      88.0% 100.0%    89.6%   191
include50_v2__official         official                  cache     yes      95.3%  99.5%    97.0%   191
include50__random-video        random-video              cache     yes      92.5%  98.4%    92.8%   186
include50_v2__random-video     random-video              cache     yes      95.7%  99.5%    95.8%   186
abl112__take-group             take-group                cache128  yes      46.5%  82.4%    49.7%   159
abl128__take-group             take-group                cache128  yes      44.0%  84.9%    45.2%   159
abl64__take-group              take-group                cache128  yes      46.5%  86.2%    49.9%   159
include50__take-group          take-group                cache     yes      29.6%  76.1%    31.6%   159
include50_take-group_scratch   take-group                cache     no       23.3%  69.8%    25.4%   159
include50_v2__take-group       take-group                cache     yes      42.1%  85.5%    46.9%   159
frames12__sd                   session-disjoint          cache128  yes      12.3%  46.8%    26.9%   252
frames16__sd                   session-disjoint          cache128  yes      22.2%  62.7%    35.3%   252
frames4__sd                    session-disjoint          cache128  yes      21.8%  48.8%    34.1%   252
frames8__sd                    session-disjoint          cache128  yes      14.3%  50.4%    31.3%   252

full263: strictest protocol is session-disjoint -> 34.8%  [sd263_ssl_foldval]
  random-video      95.4%  ->  +60.6 pts of leakage   [full263__random-video]
  take-group        29.3%  ->  -5.6 pts BELOW   [full263_v2__take-group]

include50: strictest protocol is session-disjoint -> 22.2%  [frames16__sd]
  official          95.3%  ->  +73.1 pts of leakage   [include50_v2__official]
  random-video      95.7%  ->  +73.5 pts of leakage   [include50_v2__random-video]
  take-group        46.5%  ->  +24.3 pts of leakage   [abl112__take-group]
