waiting for the GPU to clear...

=========== INCLUDE + CISLR(half the words), seed 0 ===========
  [train] corpora: {'cislr': 304, 'include': 2845}
[mix50_isign_s0] classes=262 train=3149 val=0 test=305
  init from runs/isign_mim/pretrained.pt (epoch 100): 112 tensors, 2 missing, 0 unexpected
  params total=3.80M spatial=1.93M temporal=1.87M
  ep   0  loss 5.572  val 0.0% (top5 0.0%, bal 0.0%)  ema 0.0%  24s
  ep  10  loss 4.037  val 0.0% (top5 0.0%, bal 0.0%)  ema 0.0%  12s
  ep  20  loss 2.795  val 0.0% (top5 0.0%, bal 0.0%)  ema 0.0%  12s
  ep  30  loss 2.393  val 0.0% (top5 0.0%, bal 0.0%)  ema 0.0%  12s
  ep  40  loss 1.814  val 0.0% (top5 0.0%, bal 0.0%)  ema 0.0%  12s
  ep  50  loss 1.515  val 0.0% (top5 0.0%, bal 0.0%)  ema 0.0%  12s
  ep  60  loss 1.291  val 0.0% (top5 0.0%, bal 0.0%)  ema 0.0%  12s
  ep  70  loss 1.293  val 0.0% (top5 0.0%, bal 0.0%)  ema 0.0%  12s
  ep  80  loss 1.249  val 0.0% (top5 0.0%, bal 0.0%)  ema 0.0%  12s
  ep  90  loss 1.174  val 0.0% (top5 0.0%, bal 0.0%)  ema 0.0%  12s
  ep 100  loss 1.234  val 0.0% (top5 0.0%, bal 0.0%)  ema 0.0%  12s
  ep 110  loss 1.172  val 0.0% (top5 0.0%, bal 0.0%)  ema 0.0%  12s
  ep 120  loss 1.183  val 0.0% (top5 0.0%, bal 0.0%)  ema 0.0%  12s
  ep 130  loss 1.150  val 0.0% (top5 0.0%, bal 0.0%)  ema 0.0%  12s
  ep 140  loss 1.031  val 0.0% (top5 0.0%, bal 0.0%)  ema 0.0%  12s
  ep 150  loss 1.086  val 0.0% (top5 0.0%, bal 0.0%)  ema 0.0%  12s
  ep 160  loss 0.983  val 0.0% (top5 0.0%, bal 0.0%)  ema 0.0%  12s
  ep 170  loss 0.973  val 0.0% (top5 0.0%, bal 0.0%)  ema 0.0%  12s
  ep 180  loss 0.939  val 0.0% (top5 0.0%, bal 0.0%)  ema 0.0%  12s
  ep 190  loss 0.949  val 0.0% (top5 0.0%, bal 0.0%)  ema 0.0%  12s
  ep 200  loss 0.958  val 0.0% (top5 0.0%, bal 0.0%)  ema 0.0%  12s
  ep 210  loss 0.970  val 0.0% (top5 0.0%, bal 0.0%)  ema 0.0%  12s
  ep 220  loss 1.101  val 0.0% (top5 0.0%, bal 0.0%)  ema 0.0%  12s
  ep 230  loss 0.940  val 0.0% (top5 0.0%, bal 0.0%)  ema 0.0%  12s
  ep 240  loss 0.971  val 0.0% (top5 0.0%, bal 0.0%)  ema 0.0%  12s
  ep 249  loss 0.776  val 0.0% (top5 0.0%, bal 0.0%)  ema 0.0%  13s

[mix50_isign_s0] best epoch 249
  val  top1 0.0%  top5 0.0%  balanced 0.0%
  TEST top1 1.3%  top5 7.9%  balanced 1.5%  (n=305)
-- held-out CISLR words (the transfer question) --
  TEST top1 1.3%  top5 7.9%  balanced 1.5%  (n=305)
-- INCLUDE session-disjoint (did adding CISLR cost us anything?) --
  TEST top1 39.7%  top5 70.2%  balanced 40.6%  (n=1010)

=========== INCLUDE + CISLR(half the words), seed 1 ===========
  [train] corpora: {'cislr': 304, 'include': 2845}
[mix50_isign_s1] classes=262 train=3149 val=0 test=305
  init from runs/isign_mim/pretrained.pt (epoch 100): 112 tensors, 2 missing, 0 unexpected
  params total=3.80M spatial=1.93M temporal=1.87M
  ep   0  loss 5.573  val 0.0% (top5 0.0%, bal 0.0%)  ema 0.0%  24s
  ep  10  loss 4.029  val 0.0% (top5 0.0%, bal 0.0%)  ema 0.0%  12s
  ep  20  loss 2.741  val 0.0% (top5 0.0%, bal 0.0%)  ema 0.0%  12s
  ep  30  loss 2.069  val 0.0% (top5 0.0%, bal 0.0%)  ema 0.0%  12s
  ep  40  loss 1.810  val 0.0% (top5 0.0%, bal 0.0%)  ema 0.0%  12s
  ep  50  loss 1.619  val 0.0% (top5 0.0%, bal 0.0%)  ema 0.0%  12s
  ep  60  loss 1.304  val 0.0% (top5 0.0%, bal 0.0%)  ema 0.0%  12s
  ep  70  loss 1.343  val 0.0% (top5 0.0%, bal 0.0%)  ema 0.0%  13s
  ep  80  loss 1.504  val 0.0% (top5 0.0%, bal 0.0%)  ema 0.0%  12s
  ep  90  loss 1.266  val 0.0% (top5 0.0%, bal 0.0%)  ema 0.0%  12s
  ep 100  loss 1.254  val 0.0% (top5 0.0%, bal 0.0%)  ema 0.0%  12s
  ep 110  loss 1.029  val 0.0% (top5 0.0%, bal 0.0%)  ema 0.0%  15s
  ep 120  loss 1.059  val 0.0% (top5 0.0%, bal 0.0%)  ema 0.0%  15s
  ep 130  loss 1.208  val 0.0% (top5 0.0%, bal 0.0%)  ema 0.0%  14s
  ep 140  loss 1.129  val 0.0% (top5 0.0%, bal 0.0%)  ema 0.0%  15s
  ep 150  loss 1.002  val 0.0% (top5 0.0%, bal 0.0%)  ema 0.0%  12s
  ep 160  loss 1.053  val 0.0% (top5 0.0%, bal 0.0%)  ema 0.0%  12s
  ep 170  loss 1.002  val 0.0% (top5 0.0%, bal 0.0%)  ema 0.0%  12s
  ep 180  loss 0.988  val 0.0% (top5 0.0%, bal 0.0%)  ema 0.0%  18s
  ep 190  loss 0.956  val 0.0% (top5 0.0%, bal 0.0%)  ema 0.0%  15s
  ep 200  loss 0.906  val 0.0% (top5 0.0%, bal 0.0%)  ema 0.0%  14s
  ep 210  loss 1.044  val 0.0% (top5 0.0%, bal 0.0%)  ema 0.0%  15s
  ep 220  loss 1.191  val 0.0% (top5 0.0%, bal 0.0%)  ema 0.0%  15s
  ep 230  loss 0.943  val 0.0% (top5 0.0%, bal 0.0%)  ema 0.0%  15s
  ep 240  loss 0.768  val 0.0% (top5 0.0%, bal 0.0%)  ema 0.0%  14s
  ep 249  loss 0.922  val 0.0% (top5 0.0%, bal 0.0%)  ema 0.0%  15s

[mix50_isign_s1] best epoch 249
  val  top1 0.0%  top5 0.0%  balanced 0.0%
  TEST top1 2.0%  top5 11.1%  balanced 2.3%  (n=305)
-- held-out CISLR words (the transfer question) --
  TEST top1 2.0%  top5 11.1%  balanced 2.3%  (n=305)
-- INCLUDE session-disjoint (did adding CISLR cost us anything?) --
  TEST top1 44.1%  top5 69.5%  balanced 46.9%  (n=1010)

=========== DONE ===========
