########## include50 v2 (improved recipe) ##########
[include50_v2__take-group] classes=50 train=624 val=160 test=159
Loaded DeiT-Tiny into spatial encoder: 8 groups, 0 skipped
  params total=3.76M spatial=1.93M temporal=1.83M
  ep   0  loss 3.925  val 0.0% (top5 9.4%, bal 0.0%)  ema 0.0%  19s *
  ep   5  loss 3.842  val 2.5% (top5 11.2%, bal 2.7%)  ema 1.9%  3s
  ep  10  loss 3.730  val 3.1% (top5 15.0%, bal 4.7%)  ema 3.8%  3s
  ep  15  loss 3.593  val 0.0% (top5 11.2%, bal 0.0%)  ema 0.6%  3s
  ep  20  loss 3.393  val 4.4% (top5 18.8%, bal 6.0%)  ema 3.1%  3s
  ep  25  loss 3.197  val 2.5% (top5 25.6%, bal 2.7%)  ema 2.5%  3s
  ep  30  loss 2.996  val 6.2% (top5 32.5%, bal 6.7%)  ema 3.8%  3s
  ep  35  loss 2.838  val 6.2% (top5 39.4%, bal 5.2%)  ema 6.9%  3s
  ep  40  loss 2.610  val 8.1% (top5 48.8%, bal 8.3%)  ema 5.6%  3s
  ep  45  loss 2.541  val 11.2% (top5 52.5%, bal 10.7%)  ema 9.4%  3s
  ep  50  loss 2.251  val 11.2% (top5 56.2%, bal 11.1%)  ema 14.4%  3s
  ep  55  loss 2.263  val 21.2% (top5 65.6%, bal 21.0%)  ema 13.1%  3s *
  ep  60  loss 1.838  val 24.4% (top5 67.5%, bal 23.1%)  ema 20.6%  3s
  ep  65  loss 1.846  val 25.0% (top5 65.0%, bal 22.9%)  ema 23.8%  3s *
  ep  70  loss 1.785  val 30.0% (top5 76.9%, bal 27.0%)  ema 26.2%  3s
  ep  75  loss 1.577  val 33.1% (top5 72.5%, bal 30.7%)  ema 27.5%  3s *
  ep  80  loss 1.694  val 35.6% (top5 72.5%, bal 33.0%)  ema 31.9%  3s
  ep  85  loss 1.414  val 34.4% (top5 76.9%, bal 31.0%)  ema 32.5%  3s
  ep  90  loss 1.315  val 33.8% (top5 76.9%, bal 32.3%)  ema 35.6%  3s
  ep  95  loss 1.334  val 38.1% (top5 74.4%, bal 38.9%)  ema 37.5%  3s
  ep 100  loss 1.365  val 38.1% (top5 79.4%, bal 36.9%)  ema 38.8%  3s
  ep 105  loss 1.032  val 38.1% (top5 75.6%, bal 36.9%)  ema 38.8%  3s
  ep 110  loss 1.053  val 37.5% (top5 80.6%, bal 36.3%)  ema 42.5%  3s
  ep 115  loss 1.088  val 37.5% (top5 80.6%, bal 36.5%)  ema 42.5%  3s
  ep 120  loss 1.237  val 40.6% (top5 83.1%, bal 40.0%)  ema 43.8%  3s
  ep 125  loss 1.236  val 40.6% (top5 82.5%, bal 39.2%)  ema 46.2%  3s
  ep 130  loss 0.696  val 44.4% (top5 78.8%, bal 43.7%)  ema 45.6%  3s
  ep 135  loss 1.070  val 40.0% (top5 78.1%, bal 39.0%)  ema 46.2%  3s
  ep 140  loss 1.118  val 45.6% (top5 76.2%, bal 46.7%)  ema 46.2%  3s
  ep 145  loss 0.827  val 38.8% (top5 78.1%, bal 38.3%)  ema 46.9%  3s
  ep 150  loss 0.884  val 40.0% (top5 81.9%, bal 39.3%)  ema 45.0%  3s
  ep 155  loss 1.150  val 43.8% (top5 76.2%, bal 43.6%)  ema 42.5%  3s
  ep 160  loss 0.647  val 47.5% (top5 78.8%, bal 47.1%)  ema 46.9%  3s
  ep 165  loss 1.172  val 42.5% (top5 81.2%, bal 43.2%)  ema 46.9%  3s
  ep 170  loss 0.843  val 43.8% (top5 75.6%, bal 43.9%)  ema 44.4%  3s
  ep 175  loss 0.686  val 41.9% (top5 77.5%, bal 41.7%)  ema 45.0%  3s
  ep 180  loss 0.824  val 40.6% (top5 79.4%, bal 40.0%)  ema 46.2%  3s
  ep 185  loss 0.798  val 38.1% (top5 75.6%, bal 37.6%)  ema 44.4%  3s
  ep 190  loss 1.308  val 43.8% (top5 81.9%, bal 43.8%)  ema 43.1%  3s
  ep 195  loss 0.795  val 44.4% (top5 78.1%, bal 44.3%)  ema 43.8%  3s
  ep 200  loss 0.672  val 44.4% (top5 78.8%, bal 45.1%)  ema 45.0%  3s
  ep 205  loss 0.866  val 48.1% (top5 76.2%, bal 47.7%)  ema 46.2%  3s
  ep 210  loss 0.543  val 46.2% (top5 79.4%, bal 45.5%)  ema 45.0%  3s
  ep 215  loss 0.866  val 45.6% (top5 77.5%, bal 45.7%)  ema 45.6%  3s
  ep 220  loss 0.895  val 46.9% (top5 77.5%, bal 48.1%)  ema 46.2%  3s
  ep 225  loss 1.053  val 49.4% (top5 76.9%, bal 49.2%)  ema 46.9%  3s
  ep 230  loss 0.599  val 43.1% (top5 76.2%, bal 44.2%)  ema 47.5%  3s
  ep 235  loss 0.681  val 45.0% (top5 76.9%, bal 45.0%)  ema 45.6%  3s
  ep 240  loss 1.019  val 45.0% (top5 77.5%, bal 45.3%)  ema 45.0%  3s
  ep 245  loss 0.689  val 43.1% (top5 75.0%, bal 42.9%)  ema 45.0%  3s
  ep 250  loss 0.656  val 46.2% (top5 76.9%, bal 47.2%)  ema 45.0%  3s
  ep 255  loss 0.587  val 45.6% (top5 75.6%, bal 45.4%)  ema 46.9%  3s
  ep 260  loss 0.958  val 45.0% (top5 76.9%, bal 44.6%)  ema 46.2%  3s
  ep 265  loss 1.009  val 46.9% (top5 75.6%, bal 46.9%)  ema 47.5%  3s
  ep 270  loss 0.549  val 47.5% (top5 76.2%, bal 47.4%)  ema 48.1%  3s
  ep 275  loss 0.844  val 46.9% (top5 75.6%, bal 46.6%)  ema 47.5%  3s
  ep 280  loss 1.048  val 46.2% (top5 77.5%, bal 46.1%)  ema 46.2%  3s
  ep 285  loss 0.772  val 46.9% (top5 76.9%, bal 46.5%)  ema 46.9%  3s
  ep 290  loss 0.710  val 46.9% (top5 77.5%, bal 46.7%)  ema 46.9%  3s
  ep 295  loss 0.867  val 46.2% (top5 76.2%, bal 46.2%)  ema 46.9%  3s
  ep 300  loss 0.924  val 47.5% (top5 78.1%, bal 47.1%)  ema 47.5%  3s
  ep 305  loss 0.420  val 46.9% (top5 77.5%, bal 46.6%)  ema 47.5%  3s
  ep 310  loss 0.635  val 47.5% (top5 76.9%, bal 47.0%)  ema 46.9%  3s
  ep 315  loss 0.879  val 46.9% (top5 76.2%, bal 46.6%)  ema 46.2%  3s
  ep 319  loss 0.620  val 47.5% (top5 76.2%, bal 47.1%)  ema 46.9%  3s

[include50_v2__take-group] best epoch 141
  val  top1 49.4%  top5 78.1%  balanced 48.7%
  TEST top1 42.1%  top5 85.5%  balanced 47.0%  (n=159)
########## full263 take-group ##########
[full263__take-group] classes=262 train=2656 val=723 test=878
Loaded DeiT-Tiny into spatial encoder: 8 groups, 0 skipped
  params total=3.80M spatial=1.93M temporal=1.87M
  ep   0  loss 5.571  val 0.1% (top5 2.2%, bal 0.1%)  ema 0.4%  27s *
  ep  10  loss 5.028  val 1.2% (top5 3.5%, bal 2.2%)  ema 0.4%  10s *
  ep  20  loss 4.073  val 1.0% (top5 10.1%, bal 1.1%)  ema 1.2%  10s
  ep  30  loss 3.308  val 10.2% (top5 35.1%, bal 10.5%)  ema 9.0%  10s *
  ep  40  loss 2.195  val 20.9% (top5 52.3%, bal 21.9%)  ema 19.6%  10s
  ep  50  loss 1.666  val 29.5% (top5 63.9%, bal 31.8%)  ema 28.8%  10s *
  ep  60  loss 1.419  val 32.1% (top5 64.7%, bal 34.6%)  ema 33.2%  10s
  ep  70  loss 1.433  val 32.8% (top5 69.0%, bal 35.0%)  ema 35.8%  10s
  ep  80  loss 1.149  val 33.1% (top5 69.3%, bal 35.6%)  ema 36.1%  10s
  ep  90  loss 1.267  val 36.2% (top5 70.1%, bal 39.1%)  ema 35.8%  10s
  ep 100  loss 1.249  val 34.7% (top5 71.5%, bal 37.5%)  ema 35.0%  10s
  ep 110  loss 1.211  val 35.5% (top5 69.6%, bal 38.2%)  ema 35.8%  10s
  ep 120  loss 1.141  val 34.2% (top5 70.4%, bal 37.5%)  ema 35.4%  10s
  ep 130  loss 1.074  val 35.4% (top5 71.6%, bal 38.8%)  ema 33.6%  10s
  ep 140  loss 1.099  val 34.3% (top5 72.1%, bal 37.6%)  ema 34.3%  11s
  ep 150  loss 0.989  val 33.9% (top5 71.5%, bal 36.6%)  ema 35.5%  10s
  ep 160  loss 1.021  val 34.0% (top5 71.6%, bal 37.4%)  ema 34.4%  10s
  ep 170  loss 0.986  val 34.2% (top5 71.0%, bal 37.2%)  ema 34.3%  10s
  ep 180  loss 1.151  val 34.7% (top5 71.4%, bal 37.6%)  ema 34.4%  10s
  ep 190  loss 1.119  val 33.2% (top5 71.5%, bal 36.4%)  ema 33.6%  10s
  ep 199  loss 1.018  val 34.2% (top5 71.2%, bal 37.2%)  ema 34.0%  10s

[full263__take-group] best epoch 82
  val  top1 37.3%  top5 72.1%  balanced 40.4%
  TEST top1 24.6%  top5 61.3%  balanced 26.7%  (n=878)
########## full263 random-video (leaky comparison) ##########
[full263__random-video] classes=262 train=2843 val=542 test=872
Loaded DeiT-Tiny into spatial encoder: 8 groups, 0 skipped
  params total=3.80M spatial=1.93M temporal=1.87M
  ep   0  loss 5.576  val 0.7% (top5 2.2%, bal 0.8%)  ema 0.4%  26s *
  ep  10  loss 5.126  val 1.8% (top5 9.4%, bal 1.5%)  ema 2.0%  10s *
  ep  20  loss 4.358  val 3.9% (top5 22.3%, bal 3.4%)  ema 2.6%  10s *
  ep  30  loss 3.553  val 27.1% (top5 65.9%, bal 25.5%)  ema 22.1%  10s *
  ep  40  loss 2.592  val 53.1% (top5 91.1%, bal 52.2%)  ema 54.8%  10s *
  ep  50  loss 2.105  val 79.2% (top5 96.3%, bal 78.8%)  ema 80.1%  10s *
  ep  60  loss 1.728  val 86.2% (top5 98.0%, bal 86.6%)  ema 87.1%  10s *
  ep  70  loss 1.574  val 88.9% (top5 98.3%, bal 89.6%)  ema 90.6%  10s
  ep  80  loss 1.590  val 91.0% (top5 99.4%, bal 91.2%)  ema 91.5%  10s
  ep  90  loss 1.586  val 92.6% (top5 99.4%, bal 92.9%)  ema 93.5%  10s
  ep 100  loss 1.279  val 93.9% (top5 99.3%, bal 94.4%)  ema 94.3%  10s
  ep 110  loss 1.193  val 94.1% (top5 99.3%, bal 94.5%)  ema 95.4%  10s *
  ep 120  loss 1.131  val 94.3% (top5 98.9%, bal 94.7%)  ema 95.0%  10s
  ep 130  loss 1.195  val 94.3% (top5 99.3%, bal 94.7%)  ema 95.0%  10s
  ep 140  loss 1.082  val 93.5% (top5 99.3%, bal 94.0%)  ema 95.4%  10s
  ep 150  loss 1.252  val 94.1% (top5 99.3%, bal 94.5%)  ema 95.2%  11s
  ep 160  loss 1.190  val 95.0% (top5 99.4%, bal 95.5%)  ema 94.8%  10s
  ep 170  loss 1.099  val 95.2% (top5 99.4%, bal 95.6%)  ema 95.2%  10s
  ep 180  loss 0.897  val 95.2% (top5 99.4%, bal 95.5%)  ema 95.2%  10s
  ep 190  loss 0.981  val 95.6% (top5 99.4%, bal 95.9%)  ema 95.6%  10s
  ep 199  loss 1.093  val 95.6% (top5 99.4%, bal 95.9%)  ema 95.6%  10s

[full263__random-video] best epoch 165
  val  top1 95.8%  top5 99.3%  balanced 96.1%
  TEST top1 95.4%  top5 98.5%  balanced 95.5%  (n=872)
########## ALL DONE ##########
